Archive member included to satisfy reference by file (symbol)

C:/ST/STM32CubeIDE_1.16.1/STM32CubeIDE/plugins/com.st.stm32cube.ide.mcu.externaltools.gnu-tools-for-stm32.12.3.rel1.win32_1.0.200.202406191623/tools/bin/../lib/gcc/arm-none-eabi/12.3.1/../../../../arm-none-eabi/lib/thumb/v7e-m+fp/hard\libc_nano.a(libc_a-exit.o)
                              C:/ST/STM32CubeIDE_1.16.1/STM32CubeIDE/plugins/com.st.stm32cube.ide.mcu.externaltools.gnu-tools-for-stm32.12.3.rel1.win32_1.0.200.202406191623/tools/bin/../lib/gcc/arm-none-eabi/12.3.1/../../../../arm-none-eabi/lib/thumb/v7e-m+fp/hard/crt0.o (exit)
C:/ST/STM32CubeIDE_1.16.1/STM32CubeIDE/plugins/com.st.stm32cube.ide.mcu.externaltools.gnu-tools-for-stm32.12.3.rel1.win32_1.0.200.202406191623/tools/bin/../lib/gcc/arm-none-eabi/12.3.1/../../../../arm-none-eabi/lib/thumb/v7e-m+fp/hard\libc_nano.a(libc_a-findfp.o)
                              C:/ST/STM32CubeIDE_1.16.1/STM32CubeIDE/plugins/com.st.stm32cube.ide.mcu.externaltools.gnu-tools-for-stm32.12.3.rel1.win32_1.0.200.202406191623/tools/bin/../lib/gcc/arm-none-eabi/12.3.1/../../../../arm-none-eabi/lib/thumb/v7e-m+fp/hard\libc_nano.a(libc_a-exit.o) (__stdio_exit_handler)
C:/ST/STM32CubeIDE_1.16.1/STM32CubeIDE/plugins/com.st.stm32cube.ide.mcu.externaltools.gnu-tools-for-stm32.12.3.rel1.win32_1.0.200.202406191623/tools/bin/../lib/gcc/arm-none-eabi/12.3.1/../../../../arm-none-eabi/lib/thumb/v7e-m+fp/hard\libc_nano.a(libc_a-fwalk.o)
                              C:/ST/STM32CubeIDE_1.16.1/STM32CubeIDE/plugins/com.st.stm32cube.ide.mcu.externaltools.gnu-tools-for-stm32.12.3.rel1.win32_1.0.200.202406191623/tools/bin/../lib/gcc/arm-none-eabi/12.3.1/../../../../arm-none-eabi/lib/thumb/v7e-m+fp/hard\libc_nano.a(libc_a-findfp.o) (_fwalk_sglue)
C:/ST/STM32CubeIDE_1.16.1/STM32CubeIDE/plugins/com.st.stm32cube.ide.mcu.externaltools.gnu-tools-for-stm32.12.3.rel1.win32_1.0.200.202406191623/tools/bin/../lib/gcc/arm-none-eabi/12.3.1/../../../../arm-none-eabi/lib/thumb/v7e-m+fp/hard\libc_nano.a(libc_a-printf.o)
                              ./Core/Src/main.o (printf)
C:/ST/STM32CubeIDE_1.16.1/STM32CubeIDE/plugins/com.st.stm32cube.ide.mcu.externaltools.gnu-tools-for-stm32.12.3.rel1.win32_1.0.200.202406191623/tools/bin/../lib/gcc/arm-none-eabi/12.3.1/../../../../arm-none-eabi/lib/thumb/v7e-m+fp/hard\libc_nano.a(libc_a-stdio.o)
                              C:/ST/STM32CubeIDE_1.16.1/STM32CubeIDE/plugins/com.st.stm32cube.ide.mcu.externaltools.gnu-tools-for-stm32.12.3.rel1.win32_1.0.200.202406191623/tools/bin/../lib/gcc/arm-none-eabi/12.3.1/../../../../arm-none-eabi/lib/thumb/v7e-m+fp/hard\libc_nano.a(libc_a-findfp.o) (__sread)
C:/ST/STM32CubeIDE_1.16.1/STM32CubeIDE/plugins/com.st.stm32cube.ide.mcu.externaltools.gnu-tools-for-stm32.12.3.rel1.win32_1.0.200.202406191623/tools/bin/../lib/gcc/arm-none-eabi/12.3.1/../../../../arm-none-eabi/lib/thumb/v7e-m+fp/hard\libc_nano.a(libc_a-memset.o)
                              C:/ST/STM32CubeIDE_1.16.1/STM32CubeIDE/plugins/com.st.stm32cube.ide.mcu.externaltools.gnu-tools-for-stm32.12.3.rel1.win32_1.0.200.202406191623/tools/bin/../lib/gcc/arm-none-eabi/12.3.1/../../../../arm-none-eabi/lib/thumb/v7e-m+fp/hard/crt0.o (memset)
C:/ST/STM32CubeIDE_1.16.1/STM32CubeIDE/plugins/com.st.stm32cube.ide.mcu.externaltools.gnu-tools-for-stm32.12.3.rel1.win32_1.0.200.202406191623/tools/bin/../lib/gcc/arm-none-eabi/12.3.1/../../../../arm-none-eabi/lib/thumb/v7e-m+fp/hard\libc_nano.a(libc_a-closer.o)
                              C:/ST/STM32CubeIDE_1.16.1/STM32CubeIDE/plugins/com.st.stm32cube.ide.mcu.externaltools.gnu-tools-for-stm32.12.3.rel1.win32_1.0.200.202406191623/tools/bin/../lib/gcc/arm-none-eabi/12.3.1/../../../../arm-none-eabi/lib/thumb/v7e-m+fp/hard\libc_nano.a(libc_a-stdio.o) (_close_r)
C:/ST/STM32CubeIDE_1.16.1/STM32CubeIDE/plugins/com.st.stm32cube.ide.mcu.externaltools.gnu-tools-for-stm32.12.3.rel1.win32_1.0.200.202406191623/tools/bin/../lib/gcc/arm-none-eabi/12.3.1/../../../../arm-none-eabi/lib/thumb/v7e-m+fp/hard\libc_nano.a(libc_a-reent.o)
                              C:/ST/STM32CubeIDE_1.16.1/STM32CubeIDE/plugins/com.st.stm32cube.ide.mcu.externaltools.gnu-tools-for-stm32.12.3.rel1.win32_1.0.200.202406191623/tools/bin/../lib/gcc/arm-none-eabi/12.3.1/../../../../arm-none-eabi/lib/thumb/v7e-m+fp/hard\libc_nano.a(libc_a-closer.o) (errno)
C:/ST/STM32CubeIDE_1.16.1/STM32CubeIDE/plugins/com.st.stm32cube.ide.mcu.externaltools.gnu-tools-for-stm32.12.3.rel1.win32_1.0.200.202406191623/tools/bin/../lib/gcc/arm-none-eabi/12.3.1/../../../../arm-none-eabi/lib/thumb/v7e-m+fp/hard\libc_nano.a(libc_a-impure.o)
                              C:/ST/STM32CubeIDE_1.16.1/STM32CubeIDE/plugins/com.st.stm32cube.ide.mcu.externaltools.gnu-tools-for-stm32.12.3.rel1.win32_1.0.200.202406191623/tools/bin/../lib/gcc/arm-none-eabi/12.3.1/../../../../arm-none-eabi/lib/thumb/v7e-m+fp/hard\libc_nano.a(libc_a-printf.o) (_impure_ptr)
[...]
Memory Configuration

Name             Origin             Length             Attributes
RAM              0x20000000         0x0001c000         xrw
FLASH            0x08000000         0x00080000         xr
*default*        0x00000000         0xffffffff

Linker script and memory map

LOAD C:/ST/STM32CubeIDE_1.16.1/STM32CubeIDE/plugins/com.st.stm32cube.ide.mcu.externaltools.gnu-tools-for-stm32.12.3.rel1.win32_1.0.200.202406191623/tools/bin/../lib/gcc/arm-none-eabi/12.3.1/thumb/v7e-m+fp/hard/crti.o
LOAD C:/ST/STM32CubeIDE_1.16.1/STM32CubeIDE/plugins/com.st.stm32cube.ide.mcu.externaltools.gnu-tools-for-stm32.12.3.rel1.win32_1.0.200.202406191623/tools/bin/../lib/gcc/arm-none-eabi/12.3.1/thumb/v7e-m+fp/hard/crtbegin.o
LOAD C:/ST/STM32CubeIDE_1.16.1/STM32CubeIDE/plugins/com.st.stm32cube.ide.mcu.externaltools.gnu-tools-for-stm32.12.3.rel1.win32_1.0.200.202406191623/tools/bin/../lib/gcc/arm-none-eabi/12.3.1/../../../../arm-none-eabi/lib/thumb/v7e-m+fp/hard/crt0.o
LOAD ./Core/Src/adc.o
LOAD ./Core/Src/fdcan.o
LOAD ./Core/Src/gpio.o
LOAD ./Core/Src/main.o
LOAD ./Core/Src/stm32g4xx_hal_msp.o
LOAD ./Core/Src/stm32g4xx_it.o
LOAD ./Core/Src/syscalls.o
LOAD ./Core/Src/sysmem.o
LOAD ./Core/Src/system_stm32g4xx.o
LOAD ./Core/Src/usart.o
LOAD ./Core/Startup/startup_stm32g491retx.o
LOAD ./Drivers/STM32G4xx_HAL_Driver/stm32g4xx_hal.o
LOAD ./Drivers/STM32G4xx_HAL_Driver/stm32g4xx_hal_adc.o
LOAD ./Drivers/STM32G4xx_HAL_Driver/stm32g4xx_hal_adc_ex.o
LOAD ./Drivers/STM32G4xx_HAL_Driver/stm32g4xx_hal_cortex.o
LOAD ./Drivers/STM32G4xx_HAL_Driver/stm32g4xx_hal_dma.o
LOAD ./Drivers/STM32G4xx_HAL_Driver/stm32g4xx_hal_dma_ex.o
LOAD ./Drivers/STM32G4xx_HAL_Driver/stm32g4xx_hal_exti.o
LOAD ./Drivers/STM32G4xx_HAL_Driver/stm32g4xx_hal_fdcan.o
LOAD ./Drivers/STM32G4xx_HAL_Driver/stm32g4xx_hal_flash.o
LOAD ./Drivers/STM32G4xx_HAL_Driver/stm32g4xx_hal_flash_ex.o
LOAD ./Drivers/STM32G4xx_HAL_Driver/stm32g4xx_hal_flash_ramfunc.o
LOAD ./Drivers/STM32G4xx_HAL_Driver/stm32g4xx_hal_gpio.o
LOAD ./Drivers/STM32G4xx_HAL_Driver/stm32g4xx_hal_pwr.o
LOAD ./Drivers/STM32G4xx_HAL_Driver/stm32g4xx_hal_pwr_ex.o
LOAD ./Drivers/STM32G4xx_HAL_Driver/stm32g4xx_hal_rcc.o
LOAD ./Drivers/STM32G4xx_HAL_Driver/stm32g4xx_hal_rcc_ex.o
LOAD ./Drivers/STM32G4xx_HAL_Driver/stm32g4xx_hal_tim.o
LOAD ./Drivers/STM32G4xx_HAL_Driver/stm32g4xx_hal_tim_ex.o
LOAD ./Drivers/STM32G4xx_HAL_Driver/stm32g4xx_hal_uart.o
LOAD ./Drivers/STM32G4xx_HAL_Driver/stm32g4xx_hal_uart_ex.o
LOAD ./Drivers/STM32G4xx_HAL_Driver/stm32g4xx_ll_adc.o
START GROUP
LOAD C:/ST/STM32CubeIDE_1.16.1/STM32CubeIDE/plugins/com.st.stm32cube.ide.mcu.externaltools.gnu-tools-for-stm32.12.3.rel1.win32_1.0.200.202406191623/tools/bin/../lib/gcc/arm-none-eabi/12.3.1/../../../../arm-none-eabi/lib/thumb/v7e-m+fp/hard\libc_nano.a
LOAD C:/ST/STM32CubeIDE_1.16.1/STM32CubeIDE/plugins/com.st.stm32cube.ide.mcu.externaltools.gnu-tools-for-stm32.12.3.rel1.win32_1.0.200.202406191623/tools/bin/../lib/gcc/arm-none-eabi/12.3.1/../../../../arm-none-eabi/lib/thumb/v7e-m+fp/hard\libm.a
END GROUP
START GROUP
LOAD C:/ST/STM32CubeIDE_1.16.1/STM32CubeIDE/plugins/com.st.stm32cube.ide.mcu.externaltools.gnu-tools-for-stm32.12.3.rel1.win32_1.0.200.202406191623/tools/bin/../lib/gcc/arm-none-eabi/12.3.1/thumb/v7e-m+fp/hard\libgcc.a
LOAD C:/ST/STM32CubeIDE_1.16.1/STM32CubeIDE/plugins/com.st.stm32cube.ide.mcu.externaltools.gnu-tools-for-stm32.12.3.rel1.win32_1.0.200.202406191623/tools/bin/../lib/gcc/arm-none-eabi/12.3.1/../../../../arm-none-eabi/lib/thumb/v7e-m+fp/hard\libc_nano.a
END GROUP
START GROUP
LOAD C:/ST/STM32CubeIDE_1.16.1/STM32CubeIDE/plugins/com.st.stm32cube.ide.mcu.externaltools.gnu-tools-for-stm32.12.3.rel1.win32_1.0.200.202406191623/tools/bin/../lib/gcc/arm-none-eabi/12.3.1/thumb/v7e-m+fp/hard\libgcc.a
LOAD C:/ST/STM32CubeIDE_1.16.1/STM32CubeIDE/plugins/com.st.stm32cube.ide.mcu.externaltools.gnu-tools-for-stm32.12.3.rel1.win32_1.0.200.202406191623/tools/bin/../lib/gcc/arm-none-eabi/12.3.1/../../../../arm-none-eabi/lib/thumb/v7e-m+fp/hard\libc_nano.a
LOAD C:/ST/STM32CubeIDE_1.16.1/STM32CubeIDE/plugins/com.st.stm32cube.ide.mcu.externaltools.gnu-tools-for-stm32.12.3.rel1.win32_1.0.200.202406191623/tools/bin/../lib/gcc/arm-none-eabi/12.3.1/../../../../arm-none-eabi/lib/thumb/v7e-m+fp/hard\libnosys.a
END GROUP
START GROUP
LOAD C:/ST/STM32CubeIDE_1.16.1/STM32CubeIDE/plugins/com.st.stm32cube.ide.mcu.externaltools.gnu-tools-for-stm32.12.3.rel1.win32_1.0.200.202406191623/tools/bin/../lib/gcc/arm-none-eabi/12.3.1/thumb/v7e-m+fp/hard\libgcc.a
LOAD C:/ST/STM32CubeIDE_1.16.1/STM32CubeIDE/plugins/com.st.stm32cube.ide.mcu.externaltools.gnu-tools-for-stm32.12.3.rel1.win32_1.0.200.202406191623/tools/bin/../lib/gcc/arm-none-eabi/12.3.1/../../../../arm-none-eabi/lib/thumb/v7e-m+fp/hard\libc_nano.a
LOAD C:/ST/STM32CubeIDE_1.16.1/STM32CubeIDE/plugins/com.st.stm32cube.ide.mcu.externaltools.gnu-tools-for-stm32.12.3.rel1.win32_1.0.200.202406191623/tools/bin/../lib/gcc/arm-none-eabi/12.3.1/../../../../arm-none-eabi/lib/thumb/v7e-m+fp/hard\libnosys.a
END GROUP
LOAD C:/ST/STM32CubeIDE_1.16.1/STM32CubeIDE/plugins/com.st.stm32cube.ide.mcu.externaltools.gnu-tools-for-stm32.12.3.rel1.win32_1.0.200.202406191623/tools/bin/../lib/gcc/arm-none-eabi/12.3.1/thumb/v7e-m+fp/hard/crtend.o
LOAD C:/ST/STM32CubeIDE_1.16.1/STM32CubeIDE/plugins/com.st.stm32cube.ide.mcu.externaltools.gnu-tools-for-stm32.12.3.rel1.win32_1.0.200.202406191623/tools/bin/../lib/gcc/arm-none-eabi/12.3.1/thumb/v7e-m+fp/hard/crtn.o
                0x2001c000                        _estack = (ORIGIN (RAM) + LENGTH (RAM))
                0x00000200                        _Min_Heap_Size = 0x200
                0x00000400                        _Min_Stack_Size = 0x400

.isr_vector     0x08000000      0x1d8
                0x08000000                        . = ALIGN (0x4)
 *(.isr_vector)
 .isr_vector    0x08000000      0x1d8 ./Core/Startup/startup_stm32g491retx.o
                0x08000000                g_pfnVectors
                0x080001d8                        . = ALIGN (0x4)

.text           0x080001e0     0x662c
                0x080001e0                        . = ALIGN (0x4)
 *(.text)
 .text          0x080001e0       0x40 C:/ST/STM32CubeIDE_1.16.1/STM32CubeIDE/plugins/com.st.stm32cube.ide.mcu.externaltools.gnu-tools-for-stm32.12.3.rel1.win32_1.0.200.202406191623/tools/bin/../lib/gcc/arm-none-eabi/12.3.1/thumb/v7e-m+fp/hard/crtbegin.o
 .text          0x08000220       0xa0 C:/ST/STM32CubeIDE_1.16.1/STM32CubeIDE/plugins/com.st.stm32cube.ide.mcu.externaltools.gnu-tools-for-stm32.12.3.rel1.win32_1.0.200.202406191623/tools/bin/../lib/gcc/arm-none-eabi/12.3.1/../../../../arm-none-eabi/lib/thumb/v7e-m+fp/hard\libc_nano.a(libc_a-memchr.o)
                0x08000220                memchr
 .text          0x080002c0      0x378 C:/ST/STM32CubeIDE_1.16.1/STM32CubeIDE/plugins/com.st.stm32cube.ide.mcu.externaltools.gnu-tools-for-stm32.12.3.rel1.win32_1.0.200.202406191623/tools/bin/../lib/gcc/arm-none-eabi/12.3.1/thumb/v7e-m+fp/hard\libgcc.a(_arm_addsubdf3.o)
                0x080002c0                __aeabi_drsub
                0x080002c8                __aeabi_dsub
                0x080002c8                __subdf3
                0x080002cc                __aeabi_dadd
                0x080002cc                __adddf3
                0x08000544                __floatunsidf
                0x08000544                __aeabi_ui2d
                0x08000564                __floatsidf
                0x08000564                __aeabi_i2d
                0x08000588                __aeabi_f2d
                0x08000588                __extendsfdf2
                0x080005cc                __floatundidf
                0x080005cc                __aeabi_ul2d
                0x080005dc                __floatdidf
                0x080005dc                __aeabi_l2d
 .text          0x08000638       0x30 C:/ST/STM32CubeIDE_1.16.1/STM32CubeIDE/plugins/com.st.stm32cube.ide.mcu.externaltools.gnu-tools-for-stm32.12.3.rel1.win32_1.0.200.202406191623/tools/bin/../lib/gcc/arm-none-eabi/12.3.1/thumb/v7e-m+fp/hard\libgcc.a(_aeabi_uldivmod.o)
                0x08000638                __aeabi_uldivmod
 .text          0x08000668      0x2bc C:/ST/STM32CubeIDE_1.16.1/STM32CubeIDE/plugins/com.st.stm32cube.ide.mcu.externaltools.gnu-tools-for-stm32.12.3.rel1.win32_1.0.200.202406191623/tools/bin/../lib/gcc/arm-none-eabi/12.3.1/thumb/v7e-m+fp/hard\libgcc.a(_udivmoddi4.o)
                0x08000668                __udivmoddi4
 .text          0x08000924        0x4 C:/ST/STM32CubeIDE_1.16.1/STM32CubeIDE/plugins/com.st.stm32cube.ide.mcu.externaltools.gnu-tools-for-stm32.12.3.rel1.win32_1.0.200.202406191623/tools/bin/../lib/gcc/arm-none-eabi/12.3.1/thumb/v7e-m+fp/hard\libgcc.a(_dvmd_tls.o)
                0x08000924                __aeabi_idiv0
                0x08000924                __aeabi_ldiv0
 *(.text*)
 .text.MX_ADC1_Init
                0x08000928       0xf0 ./Core/Src/adc.o
                0x08000928                MX_ADC1_Init
 .text.HAL_ADC_MspInit
                0x08000a18       0xa8 ./Core/Src/adc.o
                0x08000a18                HAL_ADC_MspInit
 .text.MX_FDCAN1_Init
                0x08000ac0       0x8c ./Core/Src/fdcan.o
                0x08000ac0                MX_FDCAN1_Init
 .text.HAL_FDCAN_MspInit
                0x08000b4c       0xd4 ./Core/Src/fdcan.o
                0x08000b4c                HAL_FDCAN_MspInit
 .text.MX_GPIO_Init
                0x08000c20      0x160 ./Core/Src/gpio.o
                0x08000c20                MX_GPIO_Init
 .text.__io_putchar
                0x08000d80       0x24 ./Core/Src/main.o
                0x08000d80                __io_putchar
 .text.main     0x08000da4      0x234 ./Core/Src/main.o
                0x08000da4                main
 .text.SystemClock_Config
                0x08000fd8       0x80 ./Core/Src/main.o
                0x08000fd8                SystemClock_Config
 .text.Error_Handler
                0x08001058        0xc ./Core/Src/main.o
                0x08001058                Error_Handler
 .text.HAL_MspInit
                0x08001064       0x48 ./Core/Src/stm32g4xx_hal_msp.o
                0x08001064                HAL_MspInit
 .text.NMI_Handler
                0x080010ac        0x8 ./Core/Src/stm32g4xx_it.o
                0x080010ac                NMI_Handler
 .text.HardFault_Handler
                0x080010b4        0x8 ./Core/Src/stm32g4xx_it.o
                0x080010b4                HardFault_Handler
 .text.MemManage_Handler
                0x080010bc        0x8 ./Core/Src/stm32g4xx_it.o
                0x080010bc                MemManage_Handler
 .text.BusFault_Handler
                0x080010c4        0x8 ./Core/Src/stm32g4xx_it.o
                0x080010c4                BusFault_Handler
 .text.UsageFault_Handler
                0x080010cc        0x8 ./Core/Src/stm32g4xx_it.o
                0x080010cc                UsageFault_Handler
 .text.SVC_Handler
                0x080010d4        0xe ./Core/Src/stm32g4xx_it.o
                0x080010d4                SVC_Handler
 .text.DebugMon_Handler
                0x080010e2        0xe ./Core/Src/stm32g4xx_it.o
                0x080010e2                DebugMon_Handler
 .text.PendSV_Handler
                0x080010f0        0xe ./Core/Src/stm32g4xx_it.o
                0x080010f0                PendSV_Handler
 .text.SysTick_Handler
                0x080010fe        0xc ./Core/Src/stm32g4xx_it.o
                0x080010fe                SysTick_Handler
 *fill*         0x0800110a        0x2 
 .text.FDCAN1_IT0_IRQHandler
                0x0800110c       0x14 ./Core/Src/stm32g4xx_it.o
                0x0800110c                FDCAN1_IT0_IRQHandler
 .text.FDCAN1_IT1_IRQHandler
                0x08001120       0x14 ./Core/Src/stm32g4xx_it.o
                0x08001120                FDCAN1_IT1_IRQHandler
 .text._read    0x08001134       0x3a ./Core/Src/syscalls.o
                0x08001134                _read
 .text._write   0x0800116e       0x38 ./Core/Src/syscalls.o
                0x0800116e                _write
 .text._close   0x080011a6       0x18 ./Core/Src/syscalls.o
                0x080011a6                _close
 .text._fstat   0x080011be       0x20 ./Core/Src/syscalls.o
                0x080011be                _fstat
 .text._isatty  0x080011de       0x16 ./Core/Src/syscalls.o
                0x080011de                _isatty
 .text._lseek   0x080011f4       0x1a ./Core/Src/syscalls.o
                0x080011f4                _lseek
 *fill*         0x0800120e        0x2 
 .text._sbrk    0x08001210       0x6c ./Core/Src/sysmem.o
                0x08001210                _sbrk
 .text.SystemInit
                0x0800127c       0x24 ./Core/Src/system_stm32g4xx.o
                0x0800127c                SystemInit
 .text.MX_LPUART1_UART_Init
                0x080012a0       0x94 ./Core/Src/usart.o
                0x080012a0                MX_LPUART1_UART_Init
 .text.HAL_UART_MspInit
                0x08001334       0xb0 ./Core/Src/usart.o
                0x08001334                HAL_UART_MspInit
 .text.Reset_Handler
                0x080013e4       0x50 ./Core/Startup/startup_stm32g491retx.o
                0x080013e4                Reset_Handler
 .text.Default_Handler
                0x08001434        0x2 ./Core/Startup/startup_stm32g491retx.o
                0x08001434                RTC_Alarm_IRQHandler
                0x08001434                EXTI2_IRQHandler
                0x08001434                TIM8_TRG_COM_IRQHandler
                0x08001434                TIM8_CC_IRQHandler
                0x08001434                TIM1_CC_IRQHandler
                0x08001434                USB_HP_IRQHandler
                0x08001434                CORDIC_IRQHandler
                0x08001434                DMA2_Channel8_IRQHandler
                0x08001434                EXTI3_IRQHandler
                0x08001434                I2C3_ER_IRQHandler
                0x08001434                EXTI0_IRQHandler
                0x08001434                I2C2_EV_IRQHandler
                0x08001434                FPU_IRQHandler
                0x08001434                TIM1_UP_TIM16_IRQHandler
                0x08001434                ADC1_2_IRQHandler
                0x08001434                SPI1_IRQHandler
                0x08001434                TIM6_DAC_IRQHandler
                0x08001434                TIM8_UP_IRQHandler
                0x08001434                DMA2_Channel2_IRQHandler
                0x08001434                DMA1_Channel4_IRQHandler
                0x08001434                TIM20_TRG_COM_IRQHandler
                0x08001434                USART3_IRQHandler
                0x08001434                DMA1_Channel7_IRQHandler
                0x08001434                UART5_IRQHandler
                0x08001434                ADC3_IRQHandler
                0x08001434                TIM4_IRQHandler
                0x08001434                DMA2_Channel1_IRQHandler
                0x08001434                QUADSPI_IRQHandler
                0x08001434                I2C1_EV_IRQHandler
                0x08001434                DMA1_Channel6_IRQHandler
                0x08001434                UART4_IRQHandler
                0x08001434                DMA2_Channel4_IRQHandler
                0x08001434                TIM3_IRQHandler
                0x08001434                RCC_IRQHandler
                0x08001434                TIM20_UP_IRQHandler
                0x08001434                DMA1_Channel1_IRQHandler
                0x08001434                Default_Handler
                0x08001434                DMA2_Channel7_IRQHandler
                0x08001434                RTC_TAMP_LSECSS_IRQHandler
                0x08001434                FMAC_IRQHandler
                0x08001434                EXTI15_10_IRQHandler
                0x08001434                DMA1_Channel8_IRQHandler
                0x08001434                TIM7_IRQHandler
                0x08001434                UCPD1_IRQHandler
                0x08001434                I2C3_EV_IRQHandler
                0x08001434                EXTI9_5_IRQHandler
                0x08001434                RTC_WKUP_IRQHandler
                0x08001434                PVD_PVM_IRQHandler
                0x08001434                SPI2_IRQHandler
                0x08001434                DMA2_Channel5_IRQHandler
                0x08001434                CRS_IRQHandler
                0x08001434                DMA1_Channel5_IRQHandler
                0x08001434                USB_LP_IRQHandler
                0x08001434                EXTI4_IRQHandler
                0x08001434                RNG_IRQHandler
                0x08001434                TIM1_TRG_COM_TIM17_IRQHandler
                0x08001434                FDCAN2_IT1_IRQHandler
                0x08001434                DMA1_Channel3_IRQHandler
                0x08001434                WWDG_IRQHandler
                0x08001434                FDCAN2_IT0_IRQHandler
                0x08001434                LPUART1_IRQHandler
                0x08001434                DMA2_Channel6_IRQHandler
                0x08001434                TIM2_IRQHandler
                0x08001434                COMP1_2_3_IRQHandler
                0x08001434                EXTI1_IRQHandler
                0x08001434                USART2_IRQHandler
                0x08001434                TIM20_BRK_IRQHandler
                0x08001434                I2C2_ER_IRQHandler
                0x08001434                DMA1_Channel2_IRQHandler
                0x08001434                TIM8_BRK_IRQHandler
                0x08001434                FLASH_IRQHandler
                0x08001434                TIM20_CC_IRQHandler
                0x08001434                USART1_IRQHandler
                0x08001434                SPI3_IRQHandler
                0x08001434                I2C1_ER_IRQHandler
                0x08001434                LPTIM1_IRQHandler
                0x08001434                DMAMUX_OVR_IRQHandler
                0x08001434                USBWakeUp_IRQHandler
                0x08001434                SAI1_IRQHandler
                0x08001434                DMA2_Channel3_IRQHandler
                0x08001434                COMP4_IRQHandler
                0x08001434                TIM1_BRK_TIM15_IRQHandler
 .text.HAL_Init
                0x08001436       0x30 ./Drivers/STM32G4xx_HAL_Driver/stm32g4xx_hal.o
                0x08001436                HAL_Init
 *fill*         0x08001466        0x2 
 .text.HAL_InitTick
                0x08001468       0x74 ./Drivers/STM32G4xx_HAL_Driver/stm32g4xx_hal.o
                0x08001468                HAL_InitTick
 .text.HAL_IncTick
                0x080014dc       0x24 ./Drivers/STM32G4xx_HAL_Driver/stm32g4xx_hal.o
                0x080014dc                HAL_IncTick
 .text.HAL_GetTick
                0x08001500       0x18 ./Drivers/STM32G4xx_HAL_Driver/stm32g4xx_hal.o
                0x08001500                HAL_GetTick
 .text.LL_ADC_SetCommonClock
                0x08001518       0x26 ./Drivers/STM32G4xx_HAL_Driver/stm32g4xx_hal_adc.o
 .text.LL_ADC_SetCommonPathInternalCh
                0x0800153e       0x26 ./Drivers/STM32G4xx_HAL_Driver/stm32g4xx_hal_adc.o
 .text.LL_ADC_GetCommonPathInternalCh
                0x08001564       0x1c ./Drivers/STM32G4xx_HAL_Driver/stm32g4xx_hal_adc.o
 .text.LL_ADC_SetOffset
                0x08001580       0x48 ./Drivers/STM32G4xx_HAL_Driver/stm32g4xx_hal_adc.o
 .text.LL_ADC_GetOffsetChannel
                0x080015c8       0x2c ./Drivers/STM32G4xx_HAL_Driver/stm32g4xx_hal_adc.o
 .text.LL_ADC_SetOffsetState
                0x080015f4       0x36 ./Drivers/STM32G4xx_HAL_Driver/stm32g4xx_hal_adc.o
 .text.LL_ADC_SetOffsetSign
                0x0800162a       0x36 ./Drivers/STM32G4xx_HAL_Driver/stm32g4xx_hal_adc.o
 .text.LL_ADC_SetOffsetSaturation
                0x08001660       0x36 ./Drivers/STM32G4xx_HAL_Driver/stm32g4xx_hal_adc.o
 .text.LL_ADC_SetSamplingTimeCommonConfig
                0x08001696       0x26 ./Drivers/STM32G4xx_HAL_Driver/stm32g4xx_hal_adc.o
 .text.LL_ADC_REG_IsTriggerSourceSWStart
                0x080016bc       0x26 ./Drivers/STM32G4xx_HAL_Driver/stm32g4xx_hal_adc.o
 .text.LL_ADC_REG_SetSequencerRanks
                0x080016e2       0x58 ./Drivers/STM32G4xx_HAL_Driver/stm32g4xx_hal_adc.o
 .text.LL_ADC_SetChannelSamplingTime
                0x0800173a       0x56 ./Drivers/STM32G4xx_HAL_Driver/stm32g4xx_hal_adc.o
 .text.LL_ADC_SetChannelSingleDiff
                0x08001790       0x48 ./Drivers/STM32G4xx_HAL_Driver/stm32g4xx_hal_adc.o
 .text.LL_ADC_GetMultimode
                0x080017d8       0x1c ./Drivers/STM32G4xx_HAL_Driver/stm32g4xx_hal_adc.o
 .text.LL_ADC_GetMultiDMATransfer
                0x080017f4       0x1c ./Drivers/STM32G4xx_HAL_Driver/stm32g4xx_hal_adc.o
 .text.LL_ADC_DisableDeepPowerDown
                0x08001810       0x24 ./Drivers/STM32G4xx_HAL_Driver/stm32g4xx_hal_adc.o
 .text.LL_ADC_IsDeepPowerDownEnabled
                0x08001834       0x28 ./Drivers/STM32G4xx_HAL_Driver/stm32g4xx_hal_adc.o
 .text.LL_ADC_EnableInternalRegulator
                0x0800185c       0x28 ./Drivers/STM32G4xx_HAL_Driver/stm32g4xx_hal_adc.o
 .text.LL_ADC_IsInternalRegulatorEnabled
                0x08001884       0x28 ./Drivers/STM32G4xx_HAL_Driver/stm32g4xx_hal_adc.o
 .text.LL_ADC_Enable
                0x080018ac       0x28 ./Drivers/STM32G4xx_HAL_Driver/stm32g4xx_hal_adc.o
 .text.LL_ADC_Disable
                0x080018d4       0x28 ./Drivers/STM32G4xx_HAL_Driver/stm32g4xx_hal_adc.o
 .text.LL_ADC_IsEnabled
                0x080018fc       0x26 ./Drivers/STM32G4xx_HAL_Driver/stm32g4xx_hal_adc.o
 .text.LL_ADC_IsDisableOngoing
                0x08001922       0x26 ./Drivers/STM32G4xx_HAL_Driver/stm32g4xx_hal_adc.o
 .text.LL_ADC_REG_StartConversion
                0x08001948       0x28 ./Drivers/STM32G4xx_HAL_Driver/stm32g4xx_hal_adc.o
 .text.LL_ADC_REG_StopConversion
                0x08001970       0x28 ./Drivers/STM32G4xx_HAL_Driver/stm32g4xx_hal_adc.o
 .text.LL_ADC_REG_IsConversionOngoing
                0x08001998       0x26 ./Drivers/STM32G4xx_HAL_Driver/stm32g4xx_hal_adc.o
 .text.LL_ADC_INJ_StopConversion
                0x080019be       0x28 ./Drivers/STM32G4xx_HAL_Driver/stm32g4xx_hal_adc.o
 .text.LL_ADC_INJ_IsConversionOngoing
                0x080019e6       0x26 ./Drivers/STM32G4xx_HAL_Driver/stm32g4xx_hal_adc.o
 .text.HAL_ADC_Init
                0x08001a0c      0x35c ./Drivers/STM32G4xx_HAL_Driver/stm32g4xx_hal_adc.o
                0x08001a0c                HAL_ADC_Init
 .text.HAL_ADC_Start
                0x08001d68      0x194 ./Drivers/STM32G4xx_HAL_Driver/stm32g4xx_hal_adc.o
                0x08001d68                HAL_ADC_Start
 .text.HAL_ADC_Stop
                0x08001efc       0x66 ./Drivers/STM32G4xx_HAL_Driver/stm32g4xx_hal_adc.o
                0x08001efc                HAL_ADC_Stop
 *fill*         0x08001f62        0x2 
 .text.HAL_ADC_PollForConversion
                0x08001f64      0x1e8 ./Drivers/STM32G4xx_HAL_Driver/stm32g4xx_hal_adc.o
                0x08001f64                HAL_ADC_PollForConversion
 .text.HAL_ADC_GetValue
                0x0800214c       0x1a ./Drivers/STM32G4xx_HAL_Driver/stm32g4xx_hal_adc.o
                0x0800214c                HAL_ADC_GetValue
 *fill*         0x08002166        0x2 
 .text.HAL_ADC_ConfigChannel
                0x08002168      0x858 ./Drivers/STM32G4xx_HAL_Driver/stm32g4xx_hal_adc.o
                0x08002168                HAL_ADC_ConfigChannel
 .text.ADC_ConversionStop
                0x080029c0      0x178 ./Drivers/STM32G4xx_HAL_Driver/stm32g4xx_hal_adc.o
                0x080029c0                ADC_ConversionStop
 .text.ADC_Enable
                0x08002b38      0x12c ./Drivers/STM32G4xx_HAL_Driver/stm32g4xx_hal_adc.o
                0x08002b38                ADC_Enable
 .text.ADC_Disable
                0x08002c64       0xbe ./Drivers/STM32G4xx_HAL_Driver/stm32g4xx_hal_adc.o
                0x08002c64                ADC_Disable
 .text.LL_ADC_IsEnabled
                0x08002d22       0x26 ./Drivers/STM32G4xx_HAL_Driver/stm32g4xx_hal_adc_ex.o
 .text.LL_ADC_REG_IsConversionOngoing
                0x08002d48       0x26 ./Drivers/STM32G4xx_HAL_Driver/stm32g4xx_hal_adc_ex.o
 *fill*         0x08002d6e        0x2 
 .text.HAL_ADCEx_MultiModeConfigChannel
                0x08002d70      0x1d0 ./Drivers/STM32G4xx_HAL_Driver/stm32g4xx_hal_adc_ex.o
                0x08002d70                HAL_ADCEx_MultiModeConfigChannel
 .text.__NVIC_SetPriorityGrouping
                0x08002f40       0x48 ./Drivers/STM32G4xx_HAL_Driver/stm32g4xx_hal_cortex.o
 .text.__NVIC_GetPriorityGrouping
                0x08002f88       0x1c ./Drivers/STM32G4xx_HAL_Driver/stm32g4xx_hal_cortex.o
 .text.__NVIC_EnableIRQ
                0x08002fa4       0x3c ./Drivers/STM32G4xx_HAL_Driver/stm32g4xx_hal_cortex.o
 .text.__NVIC_SetPriority
                0x08002fe0       0x54 ./Drivers/STM32G4xx_HAL_Driver/stm32g4xx_hal_cortex.o
 .text.NVIC_EncodePriority
                0x08003034       0x66 ./Drivers/STM32G4xx_HAL_Driver/stm32g4xx_hal_cortex.o
 *fill*         0x0800309a        0x2 
 .text.SysTick_Config
                0x0800309c       0x44 ./Drivers/STM32G4xx_HAL_Driver/stm32g4xx_hal_cortex.o
 .text.HAL_NVIC_SetPriorityGrouping
                0x080030e0       0x16 ./Drivers/STM32G4xx_HAL_Driver/stm32g4xx_hal_cortex.o
                0x080030e0                HAL_NVIC_SetPriorityGrouping
 .text.HAL_NVIC_SetPriority
                0x080030f6       0x34 ./Drivers/STM32G4xx_HAL_Driver/stm32g4xx_hal_cortex.o
                0x080030f6                HAL_NVIC_SetPriority
 .text.HAL_NVIC_EnableIRQ
                0x0800312a       0x1c ./Drivers/STM32G4xx_HAL_Driver/stm32g4xx_hal_cortex.o
                0x0800312a                HAL_NVIC_EnableIRQ
 .text.HAL_SYSTICK_Config
                0x08003146       0x18 ./Drivers/STM32G4xx_HAL_Driver/stm32g4xx_hal_cortex.o
                0x08003146                HAL_SYSTICK_Config
 *fill*         0x0800315e        0x2 
 .text.HAL_FDCAN_Init
                0x08003160      0x2b4 ./Drivers/STM32G4xx_HAL_Driver/stm32g4xx_hal_fdcan.o
                0x08003160                HAL_FDCAN_Init
 .text.HAL_FDCAN_Start
                0x08003414       0x50 ./Drivers/STM32G4xx_HAL_Driver/stm32g4xx_hal_fdcan.o
                0x08003414                HAL_FDCAN_Start
 .text.HAL_FDCAN_IRQHandler
                0x08003464      0x24a ./Drivers/STM32G4xx_HAL_Driver/stm32g4xx_hal_fdcan.o
                0x08003464                HAL_FDCAN_IRQHandler
 .text.HAL_FDCAN_TxEventFifoCallback
                0x080036ae       0x16 ./Drivers/STM32G4xx_HAL_Driver/stm32g4xx_hal_fdcan.o
                0x080036ae                HAL_FDCAN_TxEventFifoCallback
 .text.HAL_FDCAN_RxFifo0Callback
                0x080036c4       0x16 ./Drivers/STM32G4xx_HAL_Driver/stm32g4xx_hal_fdcan.o
                0x080036c4                HAL_FDCAN_RxFifo0Callback
 .text.HAL_FDCAN_RxFifo1Callback
                0x080036da       0x16 ./Drivers/STM32G4xx_HAL_Driver/stm32g4xx_hal_fdcan.o
                0x080036da                HAL_FDCAN_RxFifo1Callback
 .text.HAL_FDCAN_TxFifoEmptyCallback
                0x080036f0       0x14 ./Drivers/STM32G4xx_HAL_Driver/stm32g4xx_hal_fdcan.o
                0x080036f0                HAL_FDCAN_TxFifoEmptyCallback
 .text.HAL_FDCAN_TxBufferCompleteCallback
                0x08003704       0x16 ./Drivers/STM32G4xx_HAL_Driver/stm32g4xx_hal_fdcan.o
                0x08003704                HAL_FDCAN_TxBufferCompleteCallback
 .text.HAL_FDCAN_TxBufferAbortCallback
                0x0800371a       0x16 ./Drivers/STM32G4xx_HAL_Driver/stm32g4xx_hal_fdcan.o
                0x0800371a                HAL_FDCAN_TxBufferAbortCallback
 .text.HAL_FDCAN_TimestampWraparoundCallback
                0x08003730       0x14 ./Drivers/STM32G4xx_HAL_Driver/stm32g4xx_hal_fdcan.o
                0x08003730                HAL_FDCAN_TimestampWraparoundCallback
 .text.HAL_FDCAN_TimeoutOccurredCallback
                0x08003744       0x14 ./Drivers/STM32G4xx_HAL_Driver/stm32g4xx_hal_fdcan.o
                0x08003744                HAL_FDCAN_TimeoutOccurredCallback
 .text.HAL_FDCAN_HighPriorityMessageCallback
                0x08003758       0x14 ./Drivers/STM32G4xx_HAL_Driver/stm32g4xx_hal_fdcan.o
                0x08003758                HAL_FDCAN_HighPriorityMessageCallback
 .text.HAL_FDCAN_ErrorCallback
                0x0800376c       0x14 ./Drivers/STM32G4xx_HAL_Driver/stm32g4xx_hal_fdcan.o
                0x0800376c                HAL_FDCAN_ErrorCallback
 .text.HAL_FDCAN_ErrorStatusCallback
                0x08003780       0x16 ./Drivers/STM32G4xx_HAL_Driver/stm32g4xx_hal_fdcan.o
                0x08003780                HAL_FDCAN_ErrorStatusCallback
 *fill*         0x08003796        0x2 
 .text.FDCAN_CalcultateRamBlockAddresses
                0x08003798       0xc4 ./Drivers/STM32G4xx_HAL_Driver/stm32g4xx_hal_fdcan.o
 .text.HAL_GPIO_Init
                0x0800385c      0x304 ./Drivers/STM32G4xx_HAL_Driver/stm32g4xx_hal_gpio.o
                0x0800385c                HAL_GPIO_Init
 .text.HAL_PWREx_ControlVoltageScaling
                0x08003b60      0x148 ./Drivers/STM32G4xx_HAL_Driver/stm32g4xx_hal_pwr_ex.o
                0x08003b60                HAL_PWREx_ControlVoltageScaling
 .text.HAL_PWREx_DisableUCPDDeadBattery
                0x08003ca8       0x20 ./Drivers/STM32G4xx_HAL_Driver/stm32g4xx_hal_pwr_ex.o
                0x08003ca8                HAL_PWREx_DisableUCPDDeadBattery
 .text.HAL_RCC_OscConfig
                0x08003cc8      0x624 ./Drivers/STM32G4xx_HAL_Driver/stm32g4xx_hal_rcc.o
                0x08003cc8                HAL_RCC_OscConfig
 .text.HAL_RCC_ClockConfig
                0x080042ec      0x278 ./Drivers/STM32G4xx_HAL_Driver/stm32g4xx_hal_rcc.o
                0x080042ec                HAL_RCC_ClockConfig
 .text.HAL_RCC_GetSysClockFreq
                0x08004564       0xc4 ./Drivers/STM32G4xx_HAL_Driver/stm32g4xx_hal_rcc.o
                0x08004564                HAL_RCC_GetSysClockFreq
 .text.HAL_RCC_GetHCLKFreq
                0x08004628       0x18 ./Drivers/STM32G4xx_HAL_Driver/stm32g4xx_hal_rcc.o
                0x08004628                HAL_RCC_GetHCLKFreq
 .text.HAL_RCC_GetPCLK1Freq
                0x08004640       0x2c ./Drivers/STM32G4xx_HAL_Driver/stm32g4xx_hal_rcc.o
                0x08004640                HAL_RCC_GetPCLK1Freq
 .text.HAL_RCC_GetPCLK2Freq
                0x0800466c       0x2c ./Drivers/STM32G4xx_HAL_Driver/stm32g4xx_hal_rcc.o
                0x0800466c                HAL_RCC_GetPCLK2Freq
 .text.RCC_GetSysClockFreqFromPLLSource
                0x08004698       0x8c ./Drivers/STM32G4xx_HAL_Driver/stm32g4xx_hal_rcc.o
 .text.HAL_RCCEx_PeriphCLKConfig
                0x08004724      0x478 ./Drivers/STM32G4xx_HAL_Driver/stm32g4xx_hal_rcc_ex.o
                0x08004724                HAL_RCCEx_PeriphCLKConfig
 .text.HAL_UART_Init
                0x08004b9c       0xa0 ./Drivers/STM32G4xx_HAL_Driver/stm32g4xx_hal_uart.o
                0x08004b9c                HAL_UART_Init
 .text.HAL_UART_Transmit
                0x08004c3c      0x11c ./Drivers/STM32G4xx_HAL_Driver/stm32g4xx_hal_uart.o
                0x08004c3c                HAL_UART_Transmit
 .text.UART_SetConfig
                0x08004d58      0x5f8 ./Drivers/STM32G4xx_HAL_Driver/stm32g4xx_hal_uart.o
                0x08004d58                UART_SetConfig
 .text.UART_AdvFeatureConfig
                0x08005350      0x144 ./Drivers/STM32G4xx_HAL_Driver/stm32g4xx_hal_uart.o
                0x08005350                UART_AdvFeatureConfig
 .text.UART_CheckIdleState
                0x08005494      0x154 ./Drivers/STM32G4xx_HAL_Driver/stm32g4xx_hal_uart.o
                0x08005494                UART_CheckIdleState
 .text.UART_WaitOnFlagUntilTimeout
                0x080055e8       0xda ./Drivers/STM32G4xx_HAL_Driver/stm32g4xx_hal_uart.o
                0x080055e8                UART_WaitOnFlagUntilTimeout
 .text.UART_EndRxTransfer
                0x080056c2       0xcc ./Drivers/STM32G4xx_HAL_Driver/stm32g4xx_hal_uart.o
 .text.HAL_UARTEx_DisableFifoMode
                0x0800578e       0x72 ./Drivers/STM32G4xx_HAL_Driver/stm32g4xx_hal_uart_ex.o
                0x0800578e                HAL_UARTEx_DisableFifoMode
 .text.HAL_UARTEx_SetTxFifoThreshold
                0x08005800       0x7c ./Drivers/STM32G4xx_HAL_Driver/stm32g4xx_hal_uart_ex.o
                0x08005800                HAL_UARTEx_SetTxFifoThreshold
 .text.HAL_UARTEx_SetRxFifoThreshold
                0x0800587c       0x7c ./Drivers/STM32G4xx_HAL_Driver/stm32g4xx_hal_uart_ex.o
                0x0800587c                HAL_UARTEx_SetRxFifoThreshold
 .text.UARTEx_SetNbDataToProcess
                0x080058f8       0x9c ./Drivers/STM32G4xx_HAL_Driver/stm32g4xx_hal_uart_ex.o
 .text.std      0x08005994       0x6c C:/ST/STM32CubeIDE_1.16.1/STM32CubeIDE/plugins/com.st.stm32cube.ide.mcu.externaltools.gnu-tools-for-stm32.12.3.rel1.win32_1.0.200.202406191623/tools/bin/../lib/gcc/arm-none-eabi/12.3.1/../../../../arm-none-eabi/lib/thumb/v7e-m+fp/hard\libc_nano.a(libc_a-findfp.o)
 .text.stdio_exit_handler
                0x08005a00       0x18 C:/ST/STM32CubeIDE_1.16.1/STM32CubeIDE/plugins/com.st.stm32cube.ide.mcu.externaltools.gnu-tools-for-stm32.12.3.rel1.win32_1.0.200.202406191623/tools/bin/../lib/gcc/arm-none-eabi/12.3.1/../../../../arm-none-eabi/lib/thumb/v7e-m+fp/hard\libc_nano.a(libc_a-findfp.o)
 .text.cleanup_stdio
                0x08005a18       0x40 C:/ST/STM32CubeIDE_1.16.1/STM32CubeIDE/plugins/com.st.stm32cube.ide.mcu.externaltools.gnu-tools-for-stm32.12.3.rel1.win32_1.0.200.202406191623/tools/bin/../lib/gcc/arm-none-eabi/12.3.1/../../../../arm-none-eabi/lib/thumb/v7e-m+fp/hard\libc_nano.a(libc_a-findfp.o)
 .text.global_stdio_init.part.0
                0x08005a58       0x3c C:/ST/STM32CubeIDE_1.16.1/STM32CubeIDE/plugins/com.st.stm32cube.ide.mcu.externaltools.gnu-tools-for-stm32.12.3.rel1.win32_1.0.200.202406191623/tools/bin/../lib/gcc/arm-none-eabi/12.3.1/../../../../arm-none-eabi/lib/thumb/v7e-m+fp/hard\libc_nano.a(libc_a-findfp.o)
 .text.__sfp_lock_acquire
                0x08005a94        0xc C:/ST/STM32CubeIDE_1.16.1/STM32CubeIDE/plugins/com.st.stm32cube.ide.mcu.externaltools.gnu-tools-for-stm32.12.3.rel1.win32_1.0.200.202406191623/tools/bin/../lib/gcc/arm-none-eabi/12.3.1/../../../../arm-none-eabi/lib/thumb/v7e-m+fp/hard\libc_nano.a(libc_a-findfp.o)
                0x08005a94                __sfp_lock_acquire
 .text.__sfp_lock_release
                0x08005aa0        0xc C:/ST/STM32CubeIDE_1.16.1/STM32CubeIDE/plugins/com.st.stm32cube.ide.mcu.externaltools.gnu-tools-for-stm32.12.3.rel1.win32_1.0.200.202406191623/tools/bin/../lib/gcc/arm-none-eabi/12.3.1/../../../../arm-none-eabi/lib/thumb/v7e-m+fp/hard\libc_nano.a(libc_a-findfp.o)
                0x08005aa0                __sfp_lock_release
 .text.__sinit  0x08005aac       0x30 C:/ST/STM32CubeIDE_1.16.1/STM32CubeIDE/plugins/com.st.stm32cube.ide.mcu.externaltools.gnu-tools-for-stm32.12.3.rel1.win32_1.0.200.202406191623/tools/bin/../lib/gcc/arm-none-eabi/12.3.1/../../../../arm-none-eabi/lib/thumb/v7e-m+fp/hard\libc_nano.a(libc_a-findfp.o)
                0x08005aac                __sinit
 .text._fwalk_sglue
                0x08005adc       0x3c C:/ST/STM32CubeIDE_1.16.1/STM32CubeIDE/plugins/com.st.stm32cube.ide.mcu.externaltools.gnu-tools-for-stm32.12.3.rel1.win32_1.0.200.202406191623/tools/bin/../lib/gcc/arm-none-eabi/12.3.1/../../../../arm-none-eabi/lib/thumb/v7e-m+fp/hard\libc_nano.a(libc_a-fwalk.o)
                0x08005adc                _fwalk_sglue
 .text.printf   0x08005b18       0x24 C:/ST/STM32CubeIDE_1.16.1/STM32CubeIDE/plugins/com.st.stm32cube.ide.mcu.externaltools.gnu-tools-for-stm32.12.3.rel1.win32_1.0.200.202406191623/tools/bin/../lib/gcc/arm-none-eabi/12.3.1/../../../../arm-none-eabi/lib/thumb/v7e-m+fp/hard\libc_nano.a(libc_a-printf.o)
                0x08005b18                iprintf
                0x08005b18                printf
 .text.__sread  0x08005b3c       0x22 C:/ST/STM32CubeIDE_1.16.1/STM32CubeIDE/plugins/com.st.stm32cube.ide.mcu.externaltools.gnu-tools-for-stm32.12.3.rel1.win32_1.0.200.202406191623/tools/bin/../lib/gcc/arm-none-eabi/12.3.1/../../../../arm-none-eabi/lib/thumb/v7e-m+fp/hard\libc_nano.a(libc_a-stdio.o)
                0x08005b3c                __sread
 .text.__swrite
                0x08005b5e       0x38 C:/ST/STM32CubeIDE_1.16.1/STM32CubeIDE/plugins/com.st.stm32cube.ide.mcu.externaltools.gnu-tools-for-stm32.12.3.rel1.win32_1.0.200.202406191623/tools/bin/../lib/gcc/arm-none-eabi/12.3.1/../../../../arm-none-eabi/lib/thumb/v7e-m+fp/hard\libc_nano.a(libc_a-stdio.o)
                0x08005b5e                __swrite
 .text.__sseek  0x08005b96       0x24 C:/ST/STM32CubeIDE_1.16.1/STM32CubeIDE/plugins/com.st.stm32cube.ide.mcu.externaltools.gnu-tools-for-stm32.12.3.rel1.win32_1.0.200.202406191623/tools/bin/../lib/gcc/arm-none-eabi/12.3.1/../../../../arm-none-eabi/lib/thumb/v7e-m+fp/hard\libc_nano.a(libc_a-stdio.o)
                0x08005b96                __sseek
 .text.__sclose
                0x08005bba        0x8 C:/ST/STM32CubeIDE_1.16.1/STM32CubeIDE/plugins/com.st.stm32cube.ide.mcu.externaltools.gnu-tools-for-stm32.12.3.rel1.win32_1.0.200.202406191623/tools/bin/../lib/gcc/arm-none-eabi/12.3.1/../../../../arm-none-eabi/lib/thumb/v7e-m+fp/hard\libc_nano.a(libc_a-stdio.o)
                0x08005bba                __sclose
 .text.memset   0x08005bc2       0x10 C:/ST/STM32CubeIDE_1.16.1/STM32CubeIDE/plugins/com.st.stm32cube.ide.mcu.externaltools.gnu-tools-for-stm32.12.3.rel1.win32_1.0.200.202406191623/tools/bin/../lib/gcc/arm-none-eabi/12.3.1/../../../../arm-none-eabi/lib/thumb/v7e-m+fp/hard\libc_nano.a(libc_a-memset.o)
                0x08005bc2                memset
 *fill*         0x08005bd2        0x2 
 .text._close_r
                0x08005bd4       0x20 C:/ST/STM32CubeIDE_1.16.1/STM32CubeIDE/plugins/com.st.stm32cube.ide.mcu.externaltools.gnu-tools-for-stm32.12.3.rel1.win32_1.0.200.202406191623/tools/bin/../lib/gcc/arm-none-eabi/12.3.1/../../../../arm-none-eabi/lib/thumb/v7e-m+fp/hard\libc_nano.a(libc_a-closer.o)
                0x08005bd4                _close_r
 .text._lseek_r
                0x08005bf4       0x24 C:/ST/STM32CubeIDE_1.16.1/STM32CubeIDE/plugins/com.st.stm32cube.ide.mcu.externaltools.gnu-tools-for-stm32.12.3.rel1.win32_1.0.200.202406191623/tools/bin/../lib/gcc/arm-none-eabi/12.3.1/../../../../arm-none-eabi/lib/thumb/v7e-m+fp/hard\libc_nano.a(libc_a-lseekr.o)
                0x08005bf4                _lseek_r
 .text._read_r  0x08005c18       0x24 C:/ST/STM32CubeIDE_1.16.1/STM32CubeIDE/plugins/com.st.stm32cube.ide.mcu.externaltools.gnu-tools-for-stm32.12.3.rel1.win32_1.0.200.202406191623/tools/bin/../lib/gcc/arm-none-eabi/12.3.1/../../../../arm-none-eabi/lib/thumb/v7e-m+fp/hard\libc_nano.a(libc_a-readr.o)
                0x08005c18                _read_r
 .text._write_r
                0x08005c3c       0x24 C:/ST/STM32CubeIDE_1.16.1/STM32CubeIDE/plugins/com.st.stm32cube.ide.mcu.externaltools.gnu-tools-for-stm32.12.3.rel1.win32_1.0.200.202406191623/tools/bin/../lib/gcc/arm-none-eabi/12.3.1/../../../../arm-none-eabi/lib/thumb/v7e-m+fp/hard\libc_nano.a(libc_a-writer.o)
                0x08005c3c                _write_r
 .text.__errno  0x08005c60        0xc C:/ST/STM32CubeIDE_1.16.1/STM32CubeIDE/plugins/com.st.stm32cube.ide.mcu.externaltools.gnu-tools-for-stm32.12.3.rel1.win32_1.0.200.202406191623/tools/bin/../lib/gcc/arm-none-eabi/12.3.1/../../../../arm-none-eabi/lib/thumb/v7e-m+fp/hard\libc_nano.a(libc_a-errno.o)
                0x08005c60                __errno
 .text.__libc_init_array
                0x08005c6c       0x48 C:/ST/STM32CubeIDE_1.16.1/STM32CubeIDE/plugins/com.st.stm32cube.ide.mcu.externaltools.gnu-tools-for-stm32.12.3.rel1.win32_1.0.200.202406191623/tools/bin/../lib/gcc/arm-none-eabi/12.3.1/../../../../arm-none-eabi/lib/thumb/v7e-m+fp/hard\libc_nano.a(libc_a-init.o)
                0x08005c6c                __libc_init_array
 .text.__retarget_lock_init_recursive
                0x08005cb4        0x2 C:/ST/STM32CubeIDE_1.16.1/STM32CubeIDE/plugins/com.st.stm32cube.ide.mcu.externaltools.gnu-tools-for-stm32.12.3.rel1.win32_1.0.200.202406191623/tools/bin/../lib/gcc/arm-none-eabi/12.3.1/../../../../arm-none-eabi/lib/thumb/v7e-m+fp/hard\libc_nano.a(libc_a-lock.o)
                0x08005cb4                __retarget_lock_init_recursive
 .text.__retarget_lock_acquire_recursive
                0x08005cb6        0x2 C:/ST/STM32CubeIDE_1.16.1/STM32CubeIDE/plugins/com.st.stm32cube.ide.mcu.externaltools.gnu-tools-for-stm32.12.3.rel1.win32_1.0.200.202406191623/tools/bin/../lib/gcc/arm-none-eabi/12.3.1/../../../../arm-none-eabi/lib/thumb/v7e-m+fp/hard\libc_nano.a(libc_a-lock.o)
                0x08005cb6                __retarget_lock_acquire_recursive
 .text.__retarget_lock_release_recursive
                0x08005cb8        0x2 C:/ST/STM32CubeIDE_1.16.1/STM32CubeIDE/plugins/com.st.stm32cube.ide.mcu.externaltools.gnu-tools-for-stm32.12.3.rel1.win32_1.0.200.202406191623/tools/bin/../lib/gcc/arm-none-eabi/12.3.1/../../../../arm-none-eabi/lib/thumb/v7e-m+fp/hard\libc_nano.a(libc_a-lock.o)
                0x08005cb8                __retarget_lock_release_recursive
 *fill*         0x08005cba        0x2 
 .text._free_r  0x08005cbc       0x94 C:/ST/STM32CubeIDE_1.16.1/STM32CubeIDE/plugins/com.st.stm32cube.ide.mcu.externaltools.gnu-tools-for-stm32.12.3.rel1.win32_1.0.200.202406191623/tools/bin/../lib/gcc/arm-none-eabi/12.3.1/../../../../arm-none-eabi/lib/thumb/v7e-m+fp/hard\libc_nano.a(libc_a-freer.o)
                0x08005cbc                _free_r
 .text.sbrk_aligned
                0x08005d50       0x44 C:/ST/STM32CubeIDE_1.16.1/STM32CubeIDE/plugins/com.st.stm32cube.ide.mcu.externaltools.gnu-tools-for-stm32.12.3.rel1.win32_1.0.200.202406191623/tools/bin/../lib/gcc/arm-none-eabi/12.3.1/../../../../arm-none-eabi/lib/thumb/v7e-m+fp/hard\libc_nano.a(libc_a-mallocr.o)
 .text._malloc_r
                0x08005d94      0x100 C:/ST/STM32CubeIDE_1.16.1/STM32CubeIDE/plugins/com.st.stm32cube.ide.mcu.externaltools.gnu-tools-for-stm32.12.3.rel1.win32_1.0.200.202406191623/tools/bin/../lib/gcc/arm-none-eabi/12.3.1/../../../../arm-none-eabi/lib/thumb/v7e-m+fp/hard\libc_nano.a(libc_a-mallocr.o)
                0x08005d94                _malloc_r
 .text.__malloc_lock
                0x08005e94        0xc C:/ST/STM32CubeIDE_1.16.1/STM32CubeIDE/plugins/com.st.stm32cube.ide.mcu.externaltools.gnu-tools-for-stm32.12.3.rel1.win32_1.0.200.202406191623/tools/bin/../lib/gcc/arm-none-eabi/12.3.1/../../../../arm-none-eabi/lib/thumb/v7e-m+fp/hard\libc_nano.a(libc_a-mlock.o)
                0x08005e94                __malloc_lock
 .text.__malloc_unlock
                0x08005ea0        0xc C:/ST/STM32CubeIDE_1.16.1/STM32CubeIDE/plugins/com.st.stm32cube.ide.mcu.externaltools.gnu-tools-for-stm32.12.3.rel1.win32_1.0.200.202406191623/tools/bin/../lib/gcc/arm-none-eabi/12.3.1/../../../../arm-none-eabi/lib/thumb/v7e-m+fp/hard\libc_nano.a(libc_a-mlock.o)
                0x08005ea0                __malloc_unlock
 .text.__sfputc_r
                0x08005eac       0x2e C:/ST/STM32CubeIDE_1.16.1/STM32CubeIDE/plugins/com.st.stm32cube.ide.mcu.externaltools.gnu-tools-for-stm32.12.3.rel1.win32_1.0.200.202406191623/tools/bin/../lib/gcc/arm-none-eabi/12.3.1/../../../../arm-none-eabi/lib/thumb/v7e-m+fp/hard\libc_nano.a(libc_a-nano-vfprintf.o)
 .text.__sfputs_r
                0x08005eda       0x24 C:/ST/STM32CubeIDE_1.16.1/STM32CubeIDE/plugins/com.st.stm32cube.ide.mcu.externaltools.gnu-tools-for-stm32.12.3.rel1.win32_1.0.200.202406191623/tools/bin/../lib/gcc/arm-none-eabi/12.3.1/../../../../arm-none-eabi/lib/thumb/v7e-m+fp/hard\libc_nano.a(libc_a-nano-vfprintf.o)
                0x08005eda                __sfputs_r
 *fill*         0x08005efe        0x2 
 .text._vfprintf_r
                0x08005f00      0x230 C:/ST/STM32CubeIDE_1.16.1/STM32CubeIDE/plugins/com.st.stm32cube.ide.mcu.externaltools.gnu-tools-for-stm32.12.3.rel1.win32_1.0.200.202406191623/tools/bin/../lib/gcc/arm-none-eabi/12.3.1/../../../../arm-none-eabi/lib/thumb/v7e-m+fp/hard\libc_nano.a(libc_a-nano-vfprintf.o)
                0x08005f00                _vfprintf_r
                0x08005f00                _vfiprintf_r
 .text._printf_common
                0x08006130       0xda C:/ST/STM32CubeIDE_1.16.1/STM32CubeIDE/plugins/com.st.stm32cube.ide.mcu.externaltools.gnu-tools-for-stm32.12.3.rel1.win32_1.0.200.202406191623/tools/bin/../lib/gcc/arm-none-eabi/12.3.1/../../../../arm-none-eabi/lib/thumb/v7e-m+fp/hard\libc_nano.a(libc_a-nano-vfprintf_i.o)
                0x08006130                _printf_common
 *fill*         0x0800620a        0x2 
 .text._printf_i
                0x0800620c      0x240 C:/ST/STM32CubeIDE_1.16.1/STM32CubeIDE/plugins/com.st.stm32cube.ide.mcu.externaltools.gnu-tools-for-stm32.12.3.rel1.win32_1.0.200.202406191623/tools/bin/../lib/gcc/arm-none-eabi/12.3.1/../../../../arm-none-eabi/lib/thumb/v7e-m+fp/hard\libc_nano.a(libc_a-nano-vfprintf_i.o)
                0x0800620c                _printf_i
 .text.__sflush_r
                0x0800644c      0x108 C:/ST/STM32CubeIDE_1.16.1/STM32CubeIDE/plugins/com.st.stm32cube.ide.mcu.externaltools.gnu-tools-for-stm32.12.3.rel1.win32_1.0.200.202406191623/tools/bin/../lib/gcc/arm-none-eabi/12.3.1/../../../../arm-none-eabi/lib/thumb/v7e-m+fp/hard\libc_nano.a(libc_a-fflush.o)
                0x0800644c                __sflush_r
 .text._fflush_r
                0x08006554       0x50 C:/ST/STM32CubeIDE_1.16.1/STM32CubeIDE/plugins/com.st.stm32cube.ide.mcu.externaltools.gnu-tools-for-stm32.12.3.rel1.win32_1.0.200.202406191623/tools/bin/../lib/gcc/arm-none-eabi/12.3.1/../../../../arm-none-eabi/lib/thumb/v7e-m+fp/hard\libc_nano.a(libc_a-fflush.o)
                0x08006554                _fflush_r
 .text.__swbuf_r
                0x080065a4       0x7c C:/ST/STM32CubeIDE_1.16.1/STM32CubeIDE/plugins/com.st.stm32cube.ide.mcu.externaltools.gnu-tools-for-stm32.12.3.rel1.win32_1.0.200.202406191623/tools/bin/../lib/gcc/arm-none-eabi/12.3.1/../../../../arm-none-eabi/lib/thumb/v7e-m+fp/hard\libc_nano.a(libc_a-wbuf.o)
                0x080065a4                __swbuf_r
 .text.__swsetup_r
                0x08006620       0xac C:/ST/STM32CubeIDE_1.16.1/STM32CubeIDE/plugins/com.st.stm32cube.ide.mcu.externaltools.gnu-tools-for-stm32.12.3.rel1.win32_1.0.200.202406191623/tools/bin/../lib/gcc/arm-none-eabi/12.3.1/../../../../arm-none-eabi/lib/thumb/v7e-m+fp/hard\libc_nano.a(libc_a-wsetup.o)
                0x08006620                __swsetup_r
 .text._sbrk_r  0x080066cc       0x20 C:/ST/STM32CubeIDE_1.16.1/STM32CubeIDE/plugins/com.st.stm32cube.ide.mcu.externaltools.gnu-tools-for-stm32.12.3.rel1.win32_1.0.200.202406191623/tools/bin/../lib/gcc/arm-none-eabi/12.3.1/../../../../arm-none-eabi/lib/thumb/v7e-m+fp/hard\libc_nano.a(libc_a-sbrkr.o)
                0x080066cc                _sbrk_r
 .text.__swhatbuf_r
                0x080066ec       0x4c C:/ST/STM32CubeIDE_1.16.1/STM32CubeIDE/plugins/com.st.stm32cube.ide.mcu.externaltools.gnu-tools-for-stm32.12.3.rel1.win32_1.0.200.202406191623/tools/bin/../lib/gcc/arm-none-eabi/12.3.1/../../../../arm-none-eabi/lib/thumb/v7e-m+fp/hard\libc_nano.a(libc_a-makebuf.o)
                0x080066ec                __swhatbuf_r
 .text.__smakebuf_r
                0x08006738       0x78 C:/ST/STM32CubeIDE_1.16.1/STM32CubeIDE/plugins/com.st.stm32cube.ide.mcu.externaltools.gnu-tools-for-stm32.12.3.rel1.win32_1.0.200.202406191623/tools/bin/../lib/gcc/arm-none-eabi/12.3.1/../../../../arm-none-eabi/lib/thumb/v7e-m+fp/hard\libc_nano.a(libc_a-makebuf.o)
                0x08006738                __smakebuf_r
 .text._fstat_r
                0x080067b0       0x24 C:/ST/STM32CubeIDE_1.16.1/STM32CubeIDE/plugins/com.st.stm32cube.ide.mcu.externaltools.gnu-tools-for-stm32.12.3.rel1.win32_1.0.200.202406191623/tools/bin/../lib/gcc/arm-none-eabi/12.3.1/../../../../arm-none-eabi/lib/thumb/v7e-m+fp/hard\libc_nano.a(libc_a-fstatr.o)
                0x080067b0                _fstat_r
 .text._isatty_r
                0x080067d4       0x20 C:/ST/STM32CubeIDE_1.16.1/STM32CubeIDE/plugins/com.st.stm32cube.ide.mcu.externaltools.gnu-tools-for-stm32.12.3.rel1.win32_1.0.200.202406191623/tools/bin/../lib/gcc/arm-none-eabi/12.3.1/../../../../arm-none-eabi/lib/thumb/v7e-m+fp/hard\libc_nano.a(libc_a-isattyr.o)
                0x080067d4                _isatty_r
 *(.glue_7)
 .glue_7        0x080067f4        0x0 linker stubs
 *(.glue_7t)
 .glue_7t       0x080067f4        0x0 linker stubs
 *(.eh_frame)
 .eh_frame      0x080067f4        0x0 C:/ST/STM32CubeIDE_1.16.1/STM32CubeIDE/plugins/com.st.stm32cube.ide.mcu.externaltools.gnu-tools-for-stm32.12.3.rel1.win32_1.0.200.202406191623/tools/bin/../lib/gcc/arm-none-eabi/12.3.1/thumb/v7e-m+fp/hard/crtbegin.o
 *(.init)
 .init          0x080067f4        0x4 C:/ST/STM32CubeIDE_1.16.1/STM32CubeIDE/plugins/com.st.stm32cube.ide.mcu.externaltools.gnu-tools-for-stm32.12.3.rel1.win32_1.0.200.202406191623/tools/bin/../lib/gcc/arm-none-eabi/12.3.1/thumb/v7e-m+fp/hard/crti.o
                0x080067f4                _init
 .init          0x080067f8        0x8 C:/ST/STM32CubeIDE_1.16.1/STM32CubeIDE/plugins/com.st.stm32cube.ide.mcu.externaltools.gnu-tools-for-stm32.12.3.rel1.win32_1.0.200.202406191623/tools/bin/../lib/gcc/arm-none-eabi/12.3.1/thumb/v7e-m+fp/hard/crtn.o
 *(.fini)
 .fini          0x08006800        0x4 C:/ST/STM32CubeIDE_1.16.1/STM32CubeIDE/plugins/com.st.stm32cube.ide.mcu.externaltools.gnu-tools-for-stm32.12.3.rel1.win32_1.0.200.202406191623/tools/bin/../lib/gcc/arm-none-eabi/12.3.1/thumb/v7e-m+fp/hard/crti.o
                0x08006800                _fini
 .fini          0x08006804        0x8 C:/ST/STM32CubeIDE_1.16.1/STM32CubeIDE/plugins/com.st.stm32cube.ide.mcu.externaltools.gnu-tools-for-stm32.12.3.rel1.win32_1.0.200.202406191623/tools/bin/../lib/gcc/arm-none-eabi/12.3.1/thumb/v7e-m+fp/hard/crtn.o
                0x0800680c                        . = ALIGN (0x4)
                0x0800680c                        _etext = .

.vfp11_veneer   0x0800680c        0x0
 .vfp11_veneer  0x0800680c        0x0 linker stubs

.v4_bx          0x0800680c        0x0
 .v4_bx         0x0800680c        0x0 linker stubs

.iplt           0x0800680c        0x0
 .iplt          0x0800680c        0x0 C:/ST/STM32CubeIDE_1.16.1/STM32CubeIDE/plugins/com.st.stm32cube.ide.mcu.externaltools.gnu-tools-for-stm32.12.3.rel1.win32_1.0.200.202406191623/tools/bin/../lib/gcc/arm-none-eabi/12.3.1/thumb/v7e-m+fp/hard/crtbegin.o

.rodata         0x0800680c       0xa4
                0x0800680c                        . = ALIGN (0x4)
 *(.rodata)
 .rodata        0x0800680c       0x2d ./Core/Src/main.o
 *(.rodata*)
 *fill*         0x08006839        0x3 
 .rodata.AHBPrescTable
                0x0800683c       0x10 ./Core/Src/system_stm32g4xx.o
                0x0800683c                AHBPrescTable
 .rodata.APBPrescTable
                0x0800684c        0x8 ./Core/Src/system_stm32g4xx.o
                0x0800684c                APBPrescTable
 .rodata.UARTPrescTable
                0x08006854       0x18 ./Drivers/STM32G4xx_HAL_Driver/stm32g4xx_hal_uart.o
                0x08006854                UARTPrescTable
 .rodata.numerator.1
                0x0800686c        0x8 ./Drivers/STM32G4xx_HAL_Driver/stm32g4xx_hal_uart_ex.o
 .rodata.denominator.0
                0x08006874        0x8 ./Drivers/STM32G4xx_HAL_Driver/stm32g4xx_hal_uart_ex.o
 .rodata._vfprintf_r.str1.1
                0x0800687c       0x11 C:/ST/STM32CubeIDE_1.16.1/STM32CubeIDE/plugins/com.st.stm32cube.ide.mcu.externaltools.gnu-tools-for-stm32.12.3.rel1.win32_1.0.200.202406191623/tools/bin/../lib/gcc/arm-none-eabi/12.3.1/../../../../arm-none-eabi/lib/thumb/v7e-m+fp/hard\libc_nano.a(libc_a-nano-vfprintf.o)
 .rodata._printf_i.str1.1
                0x0800688d       0x22 C:/ST/STM32CubeIDE_1.16.1/STM32CubeIDE/plugins/com.st.stm32cube.ide.mcu.externaltools.gnu-tools-for-stm32.12.3.rel1.win32_1.0.200.202406191623/tools/bin/../lib/gcc/arm-none-eabi/12.3.1/../../../../arm-none-eabi/lib/thumb/v7e-m+fp/hard\libc_nano.a(libc_a-nano-vfprintf_i.o)
                0x080068b0                        . = ALIGN (0x4)
 *fill*         0x080068af        0x1 

.ARM.extab      0x080068b0        0x0
                0x080068b0                        . = ALIGN (0x4)
 *(.ARM.extab* .gnu.linkonce.armextab.*)
                0x080068b0                        . = ALIGN (0x4)

.ARM            0x080068b0        0x8
                0x080068b0                        . = ALIGN (0x4)
                0x080068b0                        __exidx_start = .
 *(.ARM.exidx*)
 .ARM.exidx     0x080068b0        0x8 C:/ST/STM32CubeIDE_1.16.1/STM32CubeIDE/plugins/com.st.stm32cube.ide.mcu.externaltools.gnu-tools-for-stm32.12.3.rel1.win32_1.0.200.202406191623/tools/bin/../lib/gcc/arm-none-eabi/12.3.1/../../../../arm-none-eabi/lib/thumb/v7e-m+fp/hard\libc_nano.a(libc_a-memchr.o)
 .ARM.exidx     0x080068b8        0x0 C:/ST/STM32CubeIDE_1.16.1/STM32CubeIDE/plugins/com.st.stm32cube.ide.mcu.externaltools.gnu-tools-for-stm32.12.3.rel1.win32_1.0.200.202406191623/tools/bin/../lib/gcc/arm-none-eabi/12.3.1/thumb/v7e-m+fp/hard\libgcc.a(_udivmoddi4.o)
                                  0x8 (size before relaxing)
                0x080068b8                        __exidx_end = .
                0x080068b8                        . = ALIGN (0x4)

.preinit_array  0x080068b8        0x0
                0x080068b8                        . = ALIGN (0x4)
                0x080068b8                        PROVIDE (__preinit_array_start = .)
 *(.preinit_array*)
                0x080068b8                        PROVIDE (__preinit_array_end = .)
                0x080068b8                        . = ALIGN (0x4)

.init_array     0x080068b8        0x4
                0x080068b8                        . = ALIGN (0x4)
                0x080068b8                        PROVIDE (__init_array_start = .)
 *(SORT_BY_NAME(.init_array.*))
 *(.init_array*)
 .init_array    0x080068b8        0x4 C:/ST/STM32CubeIDE_1.16.1/STM32CubeIDE/plugins/com.st.stm32cube.ide.mcu.externaltools.gnu-tools-for-stm32.12.3.rel1.win32_1.0.200.202406191623/tools/bin/../lib/gcc/arm-none-eabi/12.3.1/thumb/v7e-m+fp/hard/crtbegin.o
                0x080068bc                        PROVIDE (__init_array_end = .)
                0x080068bc                        . = ALIGN (0x4)

.fini_array     0x080068bc        0x4
                0x080068bc                        . = ALIGN (0x4)
                [!provide]                        PROVIDE (__fini_array_start = .)
 *(SORT_BY_NAME(.fini_array.*))
 *(.fini_array*)
 .fini_array    0x080068bc        0x4 C:/ST/STM32CubeIDE_1.16.1/STM32CubeIDE/plugins/com.st.stm32cube.ide.mcu.externaltools.gnu-tools-for-stm32.12.3.rel1.win32_1.0.200.202406191623/tools/bin/../lib/gcc/arm-none-eabi/12.3.1/thumb/v7e-m+fp/hard/crtbegin.o
                [!provide]                        PROVIDE (__fini_array_end = .)
                0x080068c0                        . = ALIGN (0x4)
                0x080068c0                        _sidata = LOADADDR (.data)

.rel.dyn        0x080068c0        0x0
 .rel.iplt      0x080068c0        0x0 C:/ST/STM32CubeIDE_1.16.1/STM32CubeIDE/plugins/com.st.stm32cube.ide.mcu.externaltools.gnu-tools-for-stm32.12.3.rel1.win32_1.0.200.202406191623/tools/bin/../lib/gcc/arm-none-eabi/12.3.1/thumb/v7e-m+fp/hard/crtbegin.o

.data           0x20000000       0x68 load address 0x080068c0
                0x20000000                        . = ALIGN (0x4)
                0x20000000                        _sdata = .
 *(.data)
 *(.data*)
 .data.SystemCoreClock
                0x20000000        0x4 ./Core/Src/system_stm32g4xx.o
                0x20000000                SystemCoreClock
 .data.uwTickPrio
                0x20000004        0x4 ./Drivers/STM32G4xx_HAL_Driver/stm32g4xx_hal.o
                0x20000004                uwTickPrio
 .data.uwTickFreq
                0x20000008        0x4 ./Drivers/STM32G4xx_HAL_Driver/stm32g4xx_hal.o
                0x20000008                uwTickFreq
 .data.__sglue  0x2000000c        0xc C:/ST/STM32CubeIDE_1.16.1/STM32CubeIDE/plugins/com.st.stm32cube.ide.mcu.externaltools.gnu-tools-for-stm32.12.3.rel1.win32_1.0.200.202406191623/tools/bin/../lib/gcc/arm-none-eabi/12.3.1/../../../../arm-none-eabi/lib/thumb/v7e-m+fp/hard\libc_nano.a(libc_a-findfp.o)
                0x2000000c                __sglue
 .data._impure_ptr
                0x20000018        0x4 C:/ST/STM32CubeIDE_1.16.1/STM32CubeIDE/plugins/com.st.stm32cube.ide.mcu.externaltools.gnu-tools-for-stm32.12.3.rel1.win32_1.0.200.202406191623/tools/bin/../lib/gcc/arm-none-eabi/12.3.1/../../../../arm-none-eabi/lib/thumb/v7e-m+fp/hard\libc_nano.a(libc_a-impure.o)
                0x20000018                _impure_ptr
 .data._impure_data
                0x2000001c       0x4c C:/ST/STM32CubeIDE_1.16.1/STM32CubeIDE/plugins/com.st.stm32cube.ide.mcu.externaltools.gnu-tools-for-stm32.12.3.rel1.win32_1.0.200.202406191623/tools/bin/../lib/gcc/arm-none-eabi/12.3.1/../../../../arm-none-eabi/lib/thumb/v7e-m+fp/hard\libc_nano.a(libc_a-impure.o)
                0x2000001c                _impure_data
 *(.RamFunc)
 *(.RamFunc*)
                0x20000068                        . = ALIGN (0x4)
                0x20000068                        _edata = .

.igot.plt       0x20000068        0x0 load address 0x08006928
 .igot.plt      0x20000068        0x0 C:/ST/STM32CubeIDE_1.16.1/STM32CubeIDE/plugins/com.st.stm32cube.ide.mcu.externaltools.gnu-tools-for-stm32.12.3.rel1.win32_1.0.200.202406191623/tools/bin/../lib/gcc/arm-none-eabi/12.3.1/thumb/v7e-m+fp/hard/crtbegin.o
                0x20000068                        . = ALIGN (0x4)

.bss            0x20000068      0x2d4 load address 0x08006928
                0x20000068                        _sbss = .
                0x20000068                        __bss_start__ = _sbss
 *(.bss)
 .bss           0x20000068       0x1c C:/ST/STM32CubeIDE_1.16.1/STM32CubeIDE/plugins/com.st.stm32cube.ide.mcu.externaltools.gnu-tools-for-stm32.12.3.rel1.win32_1.0.200.202406191623/tools/bin/../lib/gcc/arm-none-eabi/12.3.1/thumb/v7e-m+fp/hard/crtbegin.o
 *(.bss*)
 .bss.hadc1     0x20000084       0x6c ./Core/Src/adc.o
                0x20000084                hadc1
 .bss.hfdcan1   0x200000f0       0x64 ./Core/Src/fdcan.o
                0x200000f0                hfdcan1
 .bss.__sbrk_heap_end
                0x20000154        0x4 ./Core/Src/sysmem.o
 .bss.hlpuart1  0x20000158       0x94 ./Core/Src/usart.o
                0x20000158                hlpuart1
 .bss.uwTick    0x200001ec        0x4 ./Drivers/STM32G4xx_HAL_Driver/stm32g4xx_hal.o
                0x200001ec                uwTick
 .bss.__sf      0x200001f0      0x138 C:/ST/STM32CubeIDE_1.16.1/STM32CubeIDE/plugins/com.st.stm32cube.ide.mcu.externaltools.gnu-tools-for-stm32.12.3.rel1.win32_1.0.200.202406191623/tools/bin/../lib/gcc/arm-none-eabi/12.3.1/../../../../arm-none-eabi/lib/thumb/v7e-m+fp/hard\libc_nano.a(libc_a-findfp.o)
                0x200001f0                __sf
 .bss.__stdio_exit_handler
                0x20000328        0x4 C:/ST/STM32CubeIDE_1.16.1/STM32CubeIDE/plugins/com.st.stm32cube.ide.mcu.externaltools.gnu-tools-for-stm32.12.3.rel1.win32_1.0.200.202406191623/tools/bin/../lib/gcc/arm-none-eabi/12.3.1/../../../../arm-none-eabi/lib/thumb/v7e-m+fp/hard\libc_nano.a(libc_a-findfp.o)
                0x20000328                __stdio_exit_handler
 .bss.errno     0x2000032c        0x4 C:/ST/STM32CubeIDE_1.16.1/STM32CubeIDE/plugins/com.st.stm32cube.ide.mcu.externaltools.gnu-tools-for-stm32.12.3.rel1.win32_1.0.200.202406191623/tools/bin/../lib/gcc/arm-none-eabi/12.3.1/../../../../arm-none-eabi/lib/thumb/v7e-m+fp/hard\libc_nano.a(libc_a-reent.o)
                0x2000032c                errno
 .bss.__lock___malloc_recursive_mutex
                0x20000330        0x1 C:/ST/STM32CubeIDE_1.16.1/STM32CubeIDE/plugins/com.st.stm32cube.ide.mcu.externaltools.gnu-tools-for-stm32.12.3.rel1.win32_1.0.200.202406191623/tools/bin/../lib/gcc/arm-none-eabi/12.3.1/../../../../arm-none-eabi/lib/thumb/v7e-m+fp/hard\libc_nano.a(libc_a-lock.o)
                0x20000330                __lock___malloc_recursive_mutex
 .bss.__lock___sfp_recursive_mutex
                0x20000331        0x1 C:/ST/STM32CubeIDE_1.16.1/STM32CubeIDE/plugins/com.st.stm32cube.ide.mcu.externaltools.gnu-tools-for-stm32.12.3.rel1.win32_1.0.200.202406191623/tools/bin/../lib/gcc/arm-none-eabi/12.3.1/../../../../arm-none-eabi/lib/thumb/v7e-m+fp/hard\libc_nano.a(libc_a-lock.o)
                0x20000331                __lock___sfp_recursive_mutex
 *fill*         0x20000332        0x2 
 .bss.__malloc_sbrk_start
                0x20000334        0x4 C:/ST/STM32CubeIDE_1.16.1/STM32CubeIDE/plugins/com.st.stm32cube.ide.mcu.externaltools.gnu-tools-for-stm32.12.3.rel1.win32_1.0.200.202406191623/tools/bin/../lib/gcc/arm-none-eabi/12.3.1/../../../../arm-none-eabi/lib/thumb/v7e-m+fp/hard\libc_nano.a(libc_a-mallocr.o)
                0x20000334                __malloc_sbrk_start
 .bss.__malloc_free_list
                0x20000338        0x4 C:/ST/STM32CubeIDE_1.16.1/STM32CubeIDE/plugins/com.st.stm32cube.ide.mcu.externaltools.gnu-tools-for-stm32.12.3.rel1.win32_1.0.200.202406191623/tools/bin/../lib/gcc/arm-none-eabi/12.3.1/../../../../arm-none-eabi/lib/thumb/v7e-m+fp/hard\libc_nano.a(libc_a-mallocr.o)
                0x20000338                __malloc_free_list
 *(COMMON)
                0x2000033c                        . = ALIGN (0x4)
                0x2000033c                        _ebss = .
                0x2000033c                        __bss_end__ = _ebss

._user_heap_stack
                0x2000033c      0x604 load address 0x08006928
                0x20000340                        . = ALIGN (0x8)
 *fill*         0x2000033c        0x4 
                [!provide]                        PROVIDE (end = .)
                0x20000340                        PROVIDE (_end = .)
                0x20000540                        . = (. + _Min_Heap_Size)
 *fill*         0x20000340      0x200 
                0x20000940                        . = (. + _Min_Stack_Size)
 *fill*         0x20000540      0x400 
                0x20000940                        . = ALIGN (0x8)

/DISCARD/
 libc.a(*)
 libm.a(*)
 libgcc.a(*)

.ARM.attributes
                0x00000000       0x30
 *(.ARM.attributes)
 .ARM.attributes
                0x00000000       0x22 C:/ST/STM32CubeIDE_1.16.1/STM32CubeIDE/plugins/com.st.stm32cube.ide.mcu.externaltools.gnu-tools-for-stm32.12.3.rel1.win32_1.0.200.202406191623/tools/bin/../lib/gcc/arm-none-eabi/12.3.1/thumb/v7e-m+fp/hard/crti.o
 .ARM.attributes
                0x00000022       0x34 C:/ST/STM32CubeIDE_1.16.1/STM32CubeIDE/plugins/com.st.stm32cube.ide.mcu.externaltools.gnu-tools-for-stm32.12.3.rel1.win32_1.0.200.202406191623/tools/bin/../lib/gcc/arm-none-eabi/12.3.1/thumb/v7e-m+fp/hard/crtbegin.o
 .ARM.attributes
                0x00000056       0x34 ./Core/Src/adc.o
 .ARM.attributes
                0x0000008a       0x34 ./Core/Src/fdcan.o
 .ARM.attributes
                0x000000be       0x34 ./Core/Src/gpio.o
 .ARM.attributes
                0x000000f2       0x34 ./Core/Src/main.o
 .ARM.attributes
                0x00000126       0x34 ./Core/Src/stm32g4xx_hal_msp.o
 .ARM.attributes
                0x0000015a       0x34 ./Core/Src/stm32g4xx_it.o
 .ARM.attributes
                0x0000018e       0x34 ./Core/Src/syscalls.o
 .ARM.attributes
                0x000001c2       0x34 ./Core/Src/sysmem.o
 .ARM.attributes
                0x000001f6       0x34 ./Core/Src/system_stm32g4xx.o
 .ARM.attributes
                0x0000022a       0x34 ./Core/Src/usart.o
 .ARM.attributes
                0x0000025e       0x21 ./Core/Startup/startup_stm32g491retx.o
 .ARM.attributes
                0x0000027f       0x34 ./Drivers/STM32G4xx_HAL_Driver/stm32g4xx_hal.o
 .ARM.attributes
                0x000002b3       0x34 ./Drivers/STM32G4xx_HAL_Driver/stm32g4xx_hal_adc.o
 .ARM.attributes
                0x000002e7       0x34 ./Drivers/STM32G4xx_HAL_Driver/stm32g4xx_hal_adc_ex.o
 .ARM.attributes
                0x0000031b       0x34 ./Drivers/STM32G4xx_HAL_Driver/stm32g4xx_hal_cortex.o
 .ARM.attributes
                0x0000034f       0x34 ./Drivers/STM32G4xx_HAL_Driver/stm32g4xx_hal_fdcan.o
 .ARM.attributes
                0x00000383       0x34 ./Drivers/STM32G4xx_HAL_Driver/stm32g4xx_hal_gpio.o
 .ARM.attributes
                0x000003b7       0x34 ./Drivers/STM32G4xx_HAL_Driver/stm32g4xx_hal_pwr_ex.o
 .ARM.attributes
                0x000003eb       0x34 ./Drivers/STM32G4xx_HAL_Driver/stm32g4xx_hal_rcc.o
 .ARM.attributes
                0x0000041f       0x34 ./Drivers/STM32G4xx_HAL_Driver/stm32g4xx_hal_rcc_ex.o
 .ARM.attributes
                0x00000453       0x34 ./Drivers/STM32G4xx_HAL_Driver/stm32g4xx_hal_uart.o
 .ARM.attributes
                0x00000487       0x34 ./Drivers/STM32G4xx_HAL_Driver/stm32g4xx_hal_uart_ex.o
 .ARM.attributes
                0x000004bb       0x34 C:/ST/STM32CubeIDE_1.16.1/STM32CubeIDE/plugins/com.st.stm32cube.ide.mcu.externaltools.gnu-tools-for-stm32.12.3.rel1.win32_1.0.200.202406191623/tools/bin/../lib/gcc/arm-none-eabi/12.3.1/../../../../arm-none-eabi/lib/thumb/v7e-m+fp/hard\libc_nano.a(libc_a-findfp.o)
 .ARM.attributes
                0x000004ef       0x34 C:/ST/STM32CubeIDE_1.16.1/STM32CubeIDE/plugins/com.st.stm32cube.ide.mcu.externaltools.gnu-tools-for-stm32.12.3.rel1.win32_1.0.200.202406191623/tools/bin/../lib/gcc/arm-none-eabi/12.3.1/../../../../arm-none-eabi/lib/thumb/v7e-m+fp/hard\libc_nano.a(libc_a-fwalk.o)
 .ARM.attributes
                0x00000523       0x34 C:/ST/STM32CubeIDE_1.16.1/STM32CubeIDE/plugins/com.st.stm32cube.ide.mcu.externaltools.gnu-tools-for-stm32.12.3.rel1.win32_1.0.200.202406191623/tools/bin/../lib/gcc/arm-none-eabi/12.3.1/../../../../arm-none-eabi/lib/thumb/v7e-m+fp/hard\libc_nano.a(libc_a-printf.o)
 .ARM.attributes
                0x00000557       0x34 C:/ST/STM32CubeIDE_1.16.1/STM32CubeIDE/plugins/com.st.stm32cube.ide.mcu.externaltools.gnu-tools-for-stm32.12.3.rel1.win32_1.0.200.202406191623/tools/bin/../lib/gcc/arm-none-eabi/12.3.1/../../../../arm-none-eabi/lib/thumb/v7e-m+fp/hard\libc_nano.a(libc_a-stdio.o)
 .ARM.attributes
                0x0000058b       0x34 C:/ST/STM32CubeIDE_1.16.1/STM32CubeIDE/plugins/com.st.stm32cube.ide.mcu.externaltools.gnu-tools-for-stm32.12.3.rel1.win32_1.0.200.202406191623/tools/bin/../lib/gcc/arm-none-eabi/12.3.1/../../../../arm-none-eabi/lib/thumb/v7e-m+fp/hard\libc_nano.a(libc_a-memset.o)
 .ARM.attributes
                0x000005bf       0x34 C:/ST/STM32CubeIDE_1.16.1/STM32CubeIDE/plugins/com.st.stm32cube.ide.mcu.externaltools.gnu-tools-for-stm32.12.3.rel1.win32_1.0.200.202406191623/tools/bin/../lib/gcc/arm-none-eabi/12.3.1/../../../../arm-none-eabi/lib/thumb/v7e-m+fp/hard\libc_nano.a(libc_a-closer.o)
 .ARM.attributes
                0x000005f3       0x34 C:/ST/STM32CubeIDE_1.16.1/STM32CubeIDE/plugins/com.st.stm32cube.ide.mcu.externaltools.gnu-tools-for-stm32.12.3.rel1.win32_1.0.200.202406191623/tools/bin/../lib/gcc/arm-none-eabi/12.3.1/../../../../arm-none-eabi/lib/thumb/v7e-m+fp/hard\libc_nano.a(libc_a-reent.o)
 .ARM.attributes
                0x00000627       0x34 C:/ST/STM32CubeIDE_1.16.1/STM32CubeIDE/plugins/com.st.stm32cube.ide.mcu.externaltools.gnu-tools-for-stm32.12.3.rel1.win32_1.0.200.202406191623/tools/bin/../lib/gcc/arm-none-eabi/12.3.1/../../../../arm-none-eabi/lib/thumb/v7e-m+fp/hard\libc_nano.a(libc_a-impure.o)
 .ARM.attributes
                0x0000065b       0x34 C:/ST/STM32CubeIDE_1.16.1/STM32CubeIDE/plugins/com.st.stm32cube.ide.mcu.externaltools.gnu-tools-for-stm32.12.3.rel1.win32_1.0.200.202406191623/tools/bin/../lib/gcc/arm-none-eabi/12.3.1/../../../../arm-none-eabi/lib/thumb/v7e-m+fp/hard\libc_nano.a(libc_a-lseekr.o)
 .ARM.attributes
                0x0000068f       0x34 C:/ST/STM32CubeIDE_1.16.1/STM32CubeIDE/plugins/com.st.stm32cube.ide.mcu.externaltools.gnu-tools-for-stm32.12.3.rel1.win32_1.0.200.202406191623/tools/bin/../lib/gcc/arm-none-eabi/12.3.1/../../../../arm-none-eabi/lib/thumb/v7e-m+fp/hard\libc_nano.a(libc_a-readr.o)
 .ARM.attributes
                0x000006c3       0x34 C:/ST/STM32CubeIDE_1.16.1/STM32CubeIDE/plugins/com.st.stm32cube.ide.mcu.externaltools.gnu-tools-for-stm32.12.3.rel1.win32_1.0.200.202406191623/tools/bin/../lib/gcc/arm-none-eabi/12.3.1/../../../../arm-none-eabi/lib/thumb/v7e-m+fp/hard\libc_nano.a(libc_a-writer.o)
 .ARM.attributes
                0x000006f7       0x34 C:/ST/STM32CubeIDE_1.16.1/STM32CubeIDE/plugins/com.st.stm32cube.ide.mcu.externaltools.gnu-tools-for-stm32.12.3.rel1.win32_1.0.200.202406191623/tools/bin/../lib/gcc/arm-none-eabi/12.3.1/../../../../arm-none-eabi/lib/thumb/v7e-m+fp/hard\libc_nano.a(libc_a-errno.o)
 .ARM.attributes
                0x0000072b       0x34 C:/ST/STM32CubeIDE_1.16.1/STM32CubeIDE/plugins/com.st.stm32cube.ide.mcu.externaltools.gnu-tools-for-stm32.12.3.rel1.win32_1.0.200.202406191623/tools/bin/../lib/gcc/arm-none-eabi/12.3.1/../../../../arm-none-eabi/lib/thumb/v7e-m+fp/hard\libc_nano.a(libc_a-init.o)
 .ARM.attributes
                0x0000075f       0x34 C:/ST/STM32CubeIDE_1.16.1/STM32CubeIDE/plugins/com.st.stm32cube.ide.mcu.externaltools.gnu-tools-for-stm32.12.3.rel1.win32_1.0.200.202406191623/tools/bin/../lib/gcc/arm-none-eabi/12.3.1/../../../../arm-none-eabi/lib/thumb/v7e-m+fp/hard\libc_nano.a(libc_a-lock.o)
 .ARM.attributes
                0x00000793       0x34 C:/ST/STM32CubeIDE_1.16.1/STM32CubeIDE/plugins/com.st.stm32cube.ide.mcu.externaltools.gnu-tools-for-stm32.12.3.rel1.win32_1.0.200.202406191623/tools/bin/../lib/gcc/arm-none-eabi/12.3.1/../../../../arm-none-eabi/lib/thumb/v7e-m+fp/hard\libc_nano.a(libc_a-freer.o)
 .ARM.attributes
                0x000007c7       0x34 C:/ST/STM32CubeIDE_1.16.1/STM32CubeIDE/plugins/com.st.stm32cube.ide.mcu.externaltools.gnu-tools-for-stm32.12.3.rel1.win32_1.0.200.202406191623/tools/bin/../lib/gcc/arm-none-eabi/12.3.1/../../../../arm-none-eabi/lib/thumb/v7e-m+fp/hard\libc_nano.a(libc_a-mallocr.o)
 .ARM.attributes
                0x000007fb       0x34 C:/ST/STM32CubeIDE_1.16.1/STM32CubeIDE/plugins/com.st.stm32cube.ide.mcu.externaltools.gnu-tools-for-stm32.12.3.rel1.win32_1.0.200.202406191623/tools/bin/../lib/gcc/arm-none-eabi/12.3.1/../../../../arm-none-eabi/lib/thumb/v7e-m+fp/hard\libc_nano.a(libc_a-mlock.o)
 .ARM.attributes
                0x0000082f       0x34 C:/ST/STM32CubeIDE_1.16.1/STM32CubeIDE/plugins/com.st.stm32cube.ide.mcu.externaltools.gnu-tools-for-stm32.12.3.rel1.win32_1.0.200.202406191623/tools/bin/../lib/gcc/arm-none-eabi/12.3.1/../../../../arm-none-eabi/lib/thumb/v7e-m+fp/hard\libc_nano.a(libc_a-nano-vfprintf.o)
 .ARM.attributes
                0x00000863       0x34 C:/ST/STM32CubeIDE_1.16.1/STM32CubeIDE/plugins/com.st.stm32cube.ide.mcu.externaltools.gnu-tools-for-stm32.12.3.rel1.win32_1.0.200.202406191623/tools/bin/../lib/gcc/arm-none-eabi/12.3.1/../../../../arm-none-eabi/lib/thumb/v7e-m+fp/hard\libc_nano.a(libc_a-nano-vfprintf_i.o)
 .ARM.attributes
                0x00000897       0x34 C:/ST/STM32CubeIDE_1.16.1/STM32CubeIDE/plugins/com.st.stm32cube.ide.mcu.externaltools.gnu-tools-for-stm32.12.3.rel1.win32_1.0.200.202406191623/tools/bin/../lib/gcc/arm-none-eabi/12.3.1/../../../../arm-none-eabi/lib/thumb/v7e-m+fp/hard\libc_nano.a(libc_a-fflush.o)
 .ARM.attributes
                0x000008cb       0x34 C:/ST/STM32CubeIDE_1.16.1/STM32CubeIDE/plugins/com.st.stm32cube.ide.mcu.externaltools.gnu-tools-for-stm32.12.3.rel1.win32_1.0.200.202406191623/tools/bin/../lib/gcc/arm-none-eabi/12.3.1/../../../../arm-none-eabi/lib/thumb/v7e-m+fp/hard\libc_nano.a(libc_a-wbuf.o)
 .ARM.attributes
                0x000008ff       0x34 C:/ST/STM32CubeIDE_1.16.1/STM32CubeIDE/plugins/com.st.stm32cube.ide.mcu.externaltools.gnu-tools-for-stm32.12.3.rel1.win32_1.0.200.202406191623/tools/bin/../lib/gcc/arm-none-eabi/12.3.1/../../../../arm-none-eabi/lib/thumb/v7e-m+fp/hard\libc_nano.a(libc_a-wsetup.o)
 .ARM.attributes
                0x00000933       0x34 C:/ST/STM32CubeIDE_1.16.1/STM32CubeIDE/plugins/com.st.stm32cube.ide.mcu.externaltools.gnu-tools-for-stm32.12.3.rel1.win32_1.0.200.202406191623/tools/bin/../lib/gcc/arm-none-eabi/12.3.1/../../../../arm-none-eabi/lib/thumb/v7e-m+fp/hard\libc_nano.a(libc_a-sbrkr.o)
 .ARM.attributes
                0x00000967       0x1c C:/ST/STM32CubeIDE_1.16.1/STM32CubeIDE/plugins/com.st.stm32cube.ide.mcu.externaltools.gnu-tools-for-stm32.12.3.rel1.win32_1.0.200.202406191623/tools/bin/../lib/gcc/arm-none-eabi/12.3.1/../../../../arm-none-eabi/lib/thumb/v7e-m+fp/hard\libc_nano.a(libc_a-memchr.o)
 .ARM.attributes
                0x00000983       0x34 C:/ST/STM32CubeIDE_1.16.1/STM32CubeIDE/plugins/com.st.stm32cube.ide.mcu.externaltools.gnu-tools-for-stm32.12.3.rel1.win32_1.0.200.202406191623/tools/bin/../lib/gcc/arm-none-eabi/12.3.1/../../../../arm-none-eabi/lib/thumb/v7e-m+fp/hard\libc_nano.a(libc_a-makebuf.o)
 .ARM.attributes
                0x000009b7       0x34 C:/ST/STM32CubeIDE_1.16.1/STM32CubeIDE/plugins/com.st.stm32cube.ide.mcu.externaltools.gnu-tools-for-stm32.12.3.rel1.win32_1.0.200.202406191623/tools/bin/../lib/gcc/arm-none-eabi/12.3.1/../../../../arm-none-eabi/lib/thumb/v7e-m+fp/hard\libc_nano.a(libc_a-fstatr.o)
 .ARM.attributes
                0x000009eb       0x34 C:/ST/STM32CubeIDE_1.16.1/STM32CubeIDE/plugins/com.st.stm32cube.ide.mcu.externaltools.gnu-tools-for-stm32.12.3.rel1.win32_1.0.200.202406191623/tools/bin/../lib/gcc/arm-none-eabi/12.3.1/../../../../arm-none-eabi/lib/thumb/v7e-m+fp/hard\libc_nano.a(libc_a-isattyr.o)
 .ARM.attributes
                0x00000a1f       0x22 C:/ST/STM32CubeIDE_1.16.1/STM32CubeIDE/plugins/com.st.stm32cube.ide.mcu.externaltools.gnu-tools-for-stm32.12.3.rel1.win32_1.0.200.202406191623/tools/bin/../lib/gcc/arm-none-eabi/12.3.1/thumb/v7e-m+fp/hard\libgcc.a(_arm_addsubdf3.o)
 .ARM.attributes
                0x00000a41       0x22 C:/ST/STM32CubeIDE_1.16.1/STM32CubeIDE/plugins/com.st.stm32cube.ide.mcu.externaltools.gnu-tools-for-stm32.12.3.rel1.win32_1.0.200.202406191623/tools/bin/../lib/gcc/arm-none-eabi/12.3.1/thumb/v7e-m+fp/hard\libgcc.a(_aeabi_uldivmod.o)
 .ARM.attributes
                0x00000a63       0x34 C:/ST/STM32CubeIDE_1.16.1/STM32CubeIDE/plugins/com.st.stm32cube.ide.mcu.externaltools.gnu-tools-for-stm32.12.3.rel1.win32_1.0.200.202406191623/tools/bin/../lib/gcc/arm-none-eabi/12.3.1/thumb/v7e-m+fp/hard\libgcc.a(_udivmoddi4.o)
 .ARM.attributes
                0x00000a97       0x22 C:/ST/STM32CubeIDE_1.16.1/STM32CubeIDE/plugins/com.st.stm32cube.ide.mcu.externaltools.gnu-tools-for-stm32.12.3.rel1.win32_1.0.200.202406191623/tools/bin/../lib/gcc/arm-none-eabi/12.3.1/thumb/v7e-m+fp/hard\libgcc.a(_dvmd_tls.o)
 .ARM.attributes
                0x00000ab9       0x22 C:/ST/STM32CubeIDE_1.16.1/STM32CubeIDE/plugins/com.st.stm32cube.ide.mcu.externaltools.gnu-tools-for-stm32.12.3.rel1.win32_1.0.200.202406191623/tools/bin/../lib/gcc/arm-none-eabi/12.3.1/thumb/v7e-m+fp/hard/crtn.o
OUTPUT(ped_box.elf elf32-littlearm)
LOAD linker stubs
LOAD C:/ST/STM32CubeIDE_1.16.1/STM32CubeIDE/plugins/com.st.stm32cube.ide.mcu.externaltools.gnu-tools-for-stm32.12.3.rel1.win32_1.0.200.202406191623/tools/bin/../lib/gcc/arm-none-eabi/12.3.1/../../../../arm-none-eabi/lib/thumb/v7e-m+fp/hard\libc.a
LOAD C:/ST/STM32CubeIDE_1.16.1/STM32CubeIDE/plugins/com.st.stm32cube.ide.mcu.externaltools.gnu-tools-for-stm32.12.3.rel1.win32_1.0.200.202406191623/tools/bin/../lib/gcc/arm-none-eabi/12.3.1/../../../../arm-none-eabi/lib/thumb/v7e-m+fp/hard\libm.a
LOAD C:/ST/STM32CubeIDE_1.16.1/STM32CubeIDE/plugins/com.st.stm32cube.ide.mcu.externaltools.gnu-tools-for-stm32.12.3.rel1.win32_1.0.200.202406191623/tools/bin/../lib/gcc/arm-none-eabi/12.3.1/thumb/v7e-m+fp/hard\libgcc.a

.debug_info     0x00000000    0x14e16
 .debug_info    0x00000000      0xf3d ./Core/Src/adc.o
 .debug_info    0x00000f3d      0xdd9 ./Core/Src/fdcan.o
 .debug_info    0x00001d16      0x477 ./Core/Src/gpio.o
 .debug_info    0x0000218d     0x188f ./Core/Src/main.o
 .debug_info    0x00003a1c      0x2da ./Core/Src/stm32g4xx_hal_msp.o
 .debug_info    0x00003cf6      0x625 ./Core/Src/stm32g4xx_it.o
 .debug_info    0x0000431b      0x6a3 ./Core/Src/syscalls.o
 .debug_info    0x000049be      0x168 ./Core/Src/sysmem.o
 .debug_info    0x00004b26      0x58e ./Core/Src/system_stm32g4xx.o
 .debug_info    0x000050b4      0xd96 ./Core/Src/usart.o
 .debug_info    0x00005e4a       0x30 ./Core/Startup/startup_stm32g491retx.o
 .debug_info    0x00005e7a      0xb29 ./Drivers/STM32G4xx_HAL_Driver/stm32g4xx_hal.o
 .debug_info    0x000069a3     0x2063 ./Drivers/STM32G4xx_HAL_Driver/stm32g4xx_hal_adc.o
 .debug_info    0x00008a06     0x1d80 ./Drivers/STM32G4xx_HAL_Driver/stm32g4xx_hal_adc_ex.o
 .debug_info    0x0000a786      0xd8d ./Drivers/STM32G4xx_HAL_Driver/stm32g4xx_hal_cortex.o
 .debug_info    0x0000b513     0x18ab ./Drivers/STM32G4xx_HAL_Driver/stm32g4xx_hal_fdcan.o
 .debug_info    0x0000cdbe      0x763 ./Drivers/STM32G4xx_HAL_Driver/stm32g4xx_hal_gpio.o
 .debug_info    0x0000d521      0x93f ./Drivers/STM32G4xx_HAL_Driver/stm32g4xx_hal_pwr_ex.o
 .debug_info    0x0000de60      0xb82 ./Drivers/STM32G4xx_HAL_Driver/stm32g4xx_hal_rcc.o
 .debug_info    0x0000e9e2      0xc39 ./Drivers/STM32G4xx_HAL_Driver/stm32g4xx_hal_rcc_ex.o
 .debug_info    0x0000f61b     0x481e ./Drivers/STM32G4xx_HAL_Driver/stm32g4xx_hal_uart.o
 .debug_info    0x00013e39      0xfdd ./Drivers/STM32G4xx_HAL_Driver/stm32g4xx_hal_uart_ex.o

.debug_abbrev   0x00000000     0x2b81
 .debug_abbrev  0x00000000      0x1f1 ./Core/Src/adc.o
 .debug_abbrev  0x000001f1      0x1d2 ./Core/Src/fdcan.o
 .debug_abbrev  0x000003c3      0x134 ./Core/Src/gpio.o
 .debug_abbrev  0x000004f7      0x254 ./Core/Src/main.o
 .debug_abbrev  0x0000074b       0xd9 ./Core/Src/stm32g4xx_hal_msp.o
 .debug_abbrev  0x00000824      0x16c ./Core/Src/stm32g4xx_it.o
 .debug_abbrev  0x00000990      0x1b6 ./Core/Src/syscalls.o
 .debug_abbrev  0x00000b46       0xbc ./Core/Src/sysmem.o
 .debug_abbrev  0x00000c02      0x11a ./Core/Src/system_stm32g4xx.o
 .debug_abbrev  0x00000d1c      0x20d ./Core/Src/usart.o
 .debug_abbrev  0x00000f29       0x24 ./Core/Startup/startup_stm32g491retx.o
 .debug_abbrev  0x00000f4d      0x271 ./Drivers/STM32G4xx_HAL_Driver/stm32g4xx_hal.o
 .debug_abbrev  0x000011be      0x2d3 ./Drivers/STM32G4xx_HAL_Driver/stm32g4xx_hal_adc.o
 .debug_abbrev  0x00001491      0x2ee ./Drivers/STM32G4xx_HAL_Driver/stm32g4xx_hal_adc_ex.o
 .debug_abbrev  0x0000177f      0x31c ./Drivers/STM32G4xx_HAL_Driver/stm32g4xx_hal_cortex.o
 .debug_abbrev  0x00001a9b      0x1f8 ./Drivers/STM32G4xx_HAL_Driver/stm32g4xx_hal_fdcan.o
 .debug_abbrev  0x00001c93      0x1cb ./Drivers/STM32G4xx_HAL_Driver/stm32g4xx_hal_gpio.o
 .debug_abbrev  0x00001e5e      0x22c ./Drivers/STM32G4xx_HAL_Driver/stm32g4xx_hal_pwr_ex.o
 .debug_abbrev  0x0000208a      0x2c9 ./Drivers/STM32G4xx_HAL_Driver/stm32g4xx_hal_rcc.o
 .debug_abbrev  0x00002353      0x258 ./Drivers/STM32G4xx_HAL_Driver/stm32g4xx_hal_rcc_ex.o
 .debug_abbrev  0x000025ab      0x304 ./Drivers/STM32G4xx_HAL_Driver/stm32g4xx_hal_uart.o
 .debug_abbrev  0x000028af      0x2d2 ./Drivers/STM32G4xx_HAL_Driver/stm32g4xx_hal_uart_ex.o

.debug_aranges  0x00000000     0x10e0
 .debug_aranges
                0x00000000       0x30 ./Core/Src/adc.o
 .debug_aranges
                0x00000030       0x30 ./Core/Src/fdcan.o
 .debug_aranges
                0x00000060       0x20 ./Core/Src/gpio.o
 .debug_aranges
                0x00000080       0x38 ./Core/Src/main.o
 .debug_aranges
                0x000000b8       0x20 ./Core/Src/stm32g4xx_hal_msp.o
 .debug_aranges
                0x000000d8       0x70 ./Core/Src/stm32g4xx_it.o
 .debug_aranges
                0x00000148       0xa8 ./Core/Src/syscalls.o
 .debug_aranges
                0x000001f0       0x20 ./Core/Src/sysmem.o
 .debug_aranges
                0x00000210       0x28 ./Core/Src/system_stm32g4xx.o
 .debug_aranges
                0x00000238       0x30 ./Core/Src/usart.o
 .debug_aranges
                0x00000268       0x28 ./Core/Startup/startup_stm32g491retx.o
 .debug_aranges
                0x00000290      0x148 ./Drivers/STM32G4xx_HAL_Driver/stm32g4xx_hal.o
 .debug_aranges
                0x000003d8      0x248 ./Drivers/STM32G4xx_HAL_Driver/stm32g4xx_hal_adc.o
 .debug_aranges
                0x00000620      0x1c0 ./Drivers/STM32G4xx_HAL_Driver/stm32g4xx_hal_adc_ex.o
 .debug_aranges
                0x000007e0      0x128 ./Drivers/STM32G4xx_HAL_Driver/stm32g4xx_hal_cortex.o
 .debug_aranges
                0x00000908      0x208 ./Drivers/STM32G4xx_HAL_Driver/stm32g4xx_hal_fdcan.o
 .debug_aranges
                0x00000b10       0x58 ./Drivers/STM32G4xx_HAL_Driver/stm32g4xx_hal_gpio.o
 .debug_aranges
                0x00000b68      0x140 ./Drivers/STM32G4xx_HAL_Driver/stm32g4xx_hal_pwr_ex.o
 .debug_aranges
                0x00000ca8       0x98 ./Drivers/STM32G4xx_HAL_Driver/stm32g4xx_hal_rcc.o
 .debug_aranges
                0x00000d40       0xb0 ./Drivers/STM32G4xx_HAL_Driver/stm32g4xx_hal_rcc_ex.o
 .debug_aranges
                0x00000df0      0x248 ./Drivers/STM32G4xx_HAL_Driver/stm32g4xx_hal_uart.o
 .debug_aranges
                0x00001038       0xa8 ./Drivers/STM32G4xx_HAL_Driver/stm32g4xx_hal_uart_ex.o

.debug_rnglists
                0x00000000      0xcd5
 .debug_rnglists
                0x00000000       0x21 ./Core/Src/adc.o
 .debug_rnglists
                0x00000021       0x21 ./Core/Src/fdcan.o
 .debug_rnglists
                0x00000042       0x14 ./Core/Src/gpio.o
 .debug_rnglists
                0x00000056       0x27 ./Core/Src/main.o
 .debug_rnglists
                0x0000007d       0x13 ./Core/Src/stm32g4xx_hal_msp.o
 .debug_rnglists
                0x00000090       0x4f ./Core/Src/stm32g4xx_it.o
 .debug_rnglists
                0x000000df       0x79 ./Core/Src/syscalls.o
 .debug_rnglists
                0x00000158       0x13 ./Core/Src/sysmem.o
 .debug_rnglists
                0x0000016b       0x1a ./Core/Src/system_stm32g4xx.o
 .debug_rnglists
                0x00000185       0x21 ./Core/Src/usart.o
 .debug_rnglists
                0x000001a6       0x19 ./Core/Startup/startup_stm32g491retx.o
 .debug_rnglists
                0x000001bf       0xf1 ./Drivers/STM32G4xx_HAL_Driver/stm32g4xx_hal.o
 .debug_rnglists
                0x000002b0      0x1c0 ./Drivers/STM32G4xx_HAL_Driver/stm32g4xx_hal_adc.o
 .debug_rnglists
                0x00000470      0x15a ./Drivers/STM32G4xx_HAL_Driver/stm32g4xx_hal_adc_ex.o
 .debug_rnglists
                0x000005ca       0xda ./Drivers/STM32G4xx_HAL_Driver/stm32g4xx_hal_cortex.o
 .debug_rnglists
                0x000006a4      0x18d ./Drivers/STM32G4xx_HAL_Driver/stm32g4xx_hal_fdcan.o
 .debug_rnglists
                0x00000831       0x3f ./Drivers/STM32G4xx_HAL_Driver/stm32g4xx_hal_gpio.o
 .debug_rnglists
                0x00000870       0xf1 ./Drivers/STM32G4xx_HAL_Driver/stm32g4xx_hal_pwr_ex.o
 .debug_rnglists
                0x00000961       0x74 ./Drivers/STM32G4xx_HAL_Driver/stm32g4xx_hal_rcc.o
 .debug_rnglists
                0x000009d5       0x87 ./Drivers/STM32G4xx_HAL_Driver/stm32g4xx_hal_rcc_ex.o
 .debug_rnglists
                0x00000a5c      0x1fa ./Drivers/STM32G4xx_HAL_Driver/stm32g4xx_hal_uart.o
 .debug_rnglists
                0x00000c56       0x7f ./Drivers/STM32G4xx_HAL_Driver/stm32g4xx_hal_uart_ex.o

.debug_macro    0x00000000    0x21bce
 .debug_macro   0x00000000      0x1fb ./Core/Src/adc.o
 .debug_macro   0x000001fb      0xab4 ./Core/Src/adc.o
 .debug_macro   0x00000caf      0x161 ./Core/Src/adc.o
 .debug_macro   0x00000e10       0x2e ./Core/Src/adc.o
 .debug_macro   0x00000e3e       0x28 ./Core/Src/adc.o
 .debug_macro   0x00000e66       0x22 ./Core/Src/adc.o
 .debug_macro   0x00000e88       0x8e ./Core/Src/adc.o
 .debug_macro   0x00000f16       0x51 ./Core/Src/adc.o
 .debug_macro   0x00000f67      0x103 ./Core/Src/adc.o
 .debug_macro   0x0000106a       0x6a ./Core/Src/adc.o
 .debug_macro   0x000010d4      0x1df ./Core/Src/adc.o
 .debug_macro   0x000012b3       0x1c ./Core/Src/adc.o
 .debug_macro   0x000012cf       0x22 ./Core/Src/adc.o
 .debug_macro   0x000012f1       0xfb ./Core/Src/adc.o
 .debug_macro   0x000013ec     0x1011 ./Core/Src/adc.o
 .debug_macro   0x000023fd      0x11f ./Core/Src/adc.o
 .debug_macro   0x0000251c    0x11e7f ./Core/Src/adc.o
 .debug_macro   0x0001439b       0x6d ./Core/Src/adc.o
 .debug_macro   0x00014408     0x3558 ./Core/Src/adc.o
 .debug_macro   0x00017960      0x189 ./Core/Src/adc.o
 .debug_macro   0x00017ae9       0x5c ./Core/Src/adc.o
 .debug_macro   0x00017b45     0x1535 ./Core/Src/adc.o
 .debug_macro   0x0001907a      0x5cf ./Core/Src/adc.o
 .debug_macro   0x00019649      0x1b6 ./Core/Src/adc.o
 .debug_macro   0x000197ff      0x2d0 ./Core/Src/adc.o
 .debug_macro   0x00019acf      0x4a2 ./Core/Src/adc.o
 .debug_macro   0x00019f71      0x18b ./Core/Src/adc.o
 .debug_macro   0x0001a0fc       0x43 ./Core/Src/adc.o
 .debug_macro   0x0001a13f      0x23d ./Core/Src/adc.o
 .debug_macro   0x0001a37c     0x1112 ./Core/Src/adc.o
 .debug_macro   0x0001b48e      0x72e ./Core/Src/adc.o
 .debug_macro   0x0001bbbc      0x391 ./Core/Src/adc.o
 .debug_macro   0x0001bf4d      0x211 ./Core/Src/adc.o
 .debug_macro   0x0001c15e      0x6bd ./Core/Src/adc.o
 .debug_macro   0x0001c81b      0x416 ./Core/Src/adc.o
 .debug_macro   0x0001cc31      0x10e ./Core/Src/adc.o
 .debug_macro   0x0001cd3f      0x122 ./Core/Src/adc.o
 .debug_macro   0x0001ce61      0x3d1 ./Core/Src/adc.o
 .debug_macro   0x0001d232      0x693 ./Core/Src/adc.o
 .debug_macro   0x0001d8c5       0xa6 ./Core/Src/adc.o
 .debug_macro   0x0001d96b      0x321 ./Core/Src/adc.o
 .debug_macro   0x0001dc8c      0x1fb ./Core/Src/fdcan.o
 .debug_macro   0x0001de87      0x1fb ./Core/Src/gpio.o
 .debug_macro   0x0001e082      0x2f5 ./Core/Src/main.o
 .debug_macro   0x0001e377       0x61 ./Core/Src/main.o
 .debug_macro   0x0001e3d8       0x2a ./Core/Src/main.o
 .debug_macro   0x0001e402       0x43 ./Core/Src/main.o
 .debug_macro   0x0001e445       0x34 ./Core/Src/main.o
 .debug_macro   0x0001e479       0x16 ./Core/Src/main.o
 .debug_macro   0x0001e48f       0x35 ./Core/Src/main.o
 .debug_macro   0x0001e4c4      0x369 ./Core/Src/main.o
 .debug_macro   0x0001e82d       0x10 ./Core/Src/main.o
 .debug_macro   0x0001e83d       0x16 ./Core/Src/main.o
 .debug_macro   0x0001e853       0x43 ./Core/Src/main.o
 .debug_macro   0x0001e896       0x34 ./Core/Src/main.o
 .debug_macro   0x0001e8ca       0x10 ./Core/Src/main.o
 .debug_macro   0x0001e8da       0x58 ./Core/Src/main.o
 .debug_macro   0x0001e932       0x8e ./Core/Src/main.o
 .debug_macro   0x0001e9c0       0x1c ./Core/Src/main.o
 .debug_macro   0x0001e9dc      0x177 ./Core/Src/main.o
 .debug_macro   0x0001eb53       0x16 ./Core/Src/main.o
 .debug_macro   0x0001eb69       0x16 ./Core/Src/main.o
 .debug_macro   0x0001eb7f      0x146 ./Core/Src/main.o
 .debug_macro   0x0001ecc5      0x1f1 ./Core/Src/stm32g4xx_hal_msp.o
 .debug_macro   0x0001eeb6      0x1fb ./Core/Src/stm32g4xx_it.o
 .debug_macro   0x0001f0b1      0x274 ./Core/Src/syscalls.o
 .debug_macro   0x0001f325       0x5b ./Core/Src/syscalls.o
 .debug_macro   0x0001f380       0x94 ./Core/Src/syscalls.o
 .debug_macro   0x0001f414       0x57 ./Core/Src/syscalls.o
 .debug_macro   0x0001f46b       0x10 ./Core/Src/syscalls.o
 .debug_macro   0x0001f47b       0x10 ./Core/Src/syscalls.o
 .debug_macro   0x0001f48b       0x10 ./Core/Src/syscalls.o
 .debug_macro   0x0001f49b       0x10 ./Core/Src/syscalls.o
 .debug_macro   0x0001f4ab       0x1c ./Core/Src/syscalls.o
 .debug_macro   0x0001f4c7       0x52 ./Core/Src/syscalls.o
 .debug_macro   0x0001f519       0x22 ./Core/Src/syscalls.o
 .debug_macro   0x0001f53b       0x10 ./Core/Src/syscalls.o
 .debug_macro   0x0001f54b       0x52 ./Core/Src/syscalls.o
 .debug_macro   0x0001f59d       0xcf ./Core/Src/syscalls.o
 .debug_macro   0x0001f66c       0x1c ./Core/Src/syscalls.o
 .debug_macro   0x0001f688       0x3d ./Core/Src/syscalls.o
 .debug_macro   0x0001f6c5       0x35 ./Core/Src/syscalls.o
 .debug_macro   0x0001f6fa      0x12c ./Core/Src/syscalls.o
 .debug_macro   0x0001f826       0x16 ./Core/Src/syscalls.o
 .debug_macro   0x0001f83c       0x16 ./Core/Src/syscalls.o
 .debug_macro   0x0001f852       0x29 ./Core/Src/syscalls.o
 .debug_macro   0x0001f87b       0x10 ./Core/Src/syscalls.o
 .debug_macro   0x0001f88b      0x242 ./Core/Src/syscalls.o
 .debug_macro   0x0001facd       0x1c ./Core/Src/syscalls.o
 .debug_macro   0x0001fae9       0x10 ./Core/Src/syscalls.o
 .debug_macro   0x0001faf9      0x18a ./Core/Src/syscalls.o
 .debug_macro   0x0001fc83       0x16 ./Core/Src/syscalls.o
 .debug_macro   0x0001fc99       0xce ./Core/Src/syscalls.o
 .debug_macro   0x0001fd67       0xff ./Core/Src/sysmem.o
 .debug_macro   0x0001fe66      0x23c ./Core/Src/sysmem.o
 .debug_macro   0x000200a2      0x1e7 ./Core/Src/system_stm32g4xx.o
 .debug_macro   0x00020289      0x1fb ./Core/Src/usart.o
 .debug_macro   0x00020484      0x235 ./Drivers/STM32G4xx_HAL_Driver/stm32g4xx_hal.o
 .debug_macro   0x000206b9      0x204 ./Drivers/STM32G4xx_HAL_Driver/stm32g4xx_hal_adc.o
 .debug_macro   0x000208bd      0x1f3 ./Drivers/STM32G4xx_HAL_Driver/stm32g4xx_hal_adc_ex.o
 .debug_macro   0x00020ab0      0x1e7 ./Drivers/STM32G4xx_HAL_Driver/stm32g4xx_hal_cortex.o
 .debug_macro   0x00020c97      0x2f9 ./Drivers/STM32G4xx_HAL_Driver/stm32g4xx_hal_fdcan.o
 .debug_macro   0x00020f90      0x1ee ./Drivers/STM32G4xx_HAL_Driver/stm32g4xx_hal_gpio.o
 .debug_macro   0x0002117e      0x211 ./Drivers/STM32G4xx_HAL_Driver/stm32g4xx_hal_pwr_ex.o
 .debug_macro   0x0002138f      0x229 ./Drivers/STM32G4xx_HAL_Driver/stm32g4xx_hal_rcc.o
 .debug_macro   0x000215b8      0x211 ./Drivers/STM32G4xx_HAL_Driver/stm32g4xx_hal_rcc_ex.o
 .debug_macro   0x000217c9      0x212 ./Drivers/STM32G4xx_HAL_Driver/stm32g4xx_hal_uart.o
 .debug_macro   0x000219db      0x1f3 ./Drivers/STM32G4xx_HAL_Driver/stm32g4xx_hal_uart_ex.o

.debug_line     0x00000000    0x15bad
 .debug_line    0x00000000      0x936 ./Core/Src/adc.o
 .debug_line    0x00000936      0x91d ./Core/Src/fdcan.o
 .debug_line    0x00001253      0x8c0 ./Core/Src/gpio.o
 .debug_line    0x00001b13      0xb2a ./Core/Src/main.o
 .debug_line    0x0000263d      0x882 ./Core/Src/stm32g4xx_hal_msp.o
 .debug_line    0x00002ebf      0x973 ./Core/Src/stm32g4xx_it.o
 .debug_line    0x00003832      0x8b2 ./Core/Src/syscalls.o
 .debug_line    0x000040e4      0x583 ./Core/Src/sysmem.o
 .debug_line    0x00004667      0x8ed ./Core/Src/system_stm32g4xx.o
 .debug_line    0x00004f54      0x91e ./Core/Src/usart.o
 .debug_line    0x00005872       0x7b ./Core/Startup/startup_stm32g491retx.o
 .debug_line    0x000058ed      0xce3 ./Drivers/STM32G4xx_HAL_Driver/stm32g4xx_hal.o
 .debug_line    0x000065d0     0x2372 ./Drivers/STM32G4xx_HAL_Driver/stm32g4xx_hal_adc.o
 .debug_line    0x00008942     0x1d21 ./Drivers/STM32G4xx_HAL_Driver/stm32g4xx_hal_adc_ex.o
 .debug_line    0x0000a663      0xe76 ./Drivers/STM32G4xx_HAL_Driver/stm32g4xx_hal_cortex.o
 .debug_line    0x0000b4d9     0x1acf ./Drivers/STM32G4xx_HAL_Driver/stm32g4xx_hal_fdcan.o
 .debug_line    0x0000cfa8      0xcfc ./Drivers/STM32G4xx_HAL_Driver/stm32g4xx_hal_gpio.o
 .debug_line    0x0000dca4      0xe52 ./Drivers/STM32G4xx_HAL_Driver/stm32g4xx_hal_pwr_ex.o
 .debug_line    0x0000eaf6     0x10ae ./Drivers/STM32G4xx_HAL_Driver/stm32g4xx_hal_rcc.o
 .debug_line    0x0000fba4     0x1380 ./Drivers/STM32G4xx_HAL_Driver/stm32g4xx_hal_rcc_ex.o
 .debug_line    0x00010f24     0x3d80 ./Drivers/STM32G4xx_HAL_Driver/stm32g4xx_hal_uart.o
 .debug_line    0x00014ca4      0xf09 ./Drivers/STM32G4xx_HAL_Driver/stm32g4xx_hal_uart_ex.o

.debug_str      0x00000000    0xda311
 .debug_str     0x00000000    0xcef3e ./Core/Src/adc.o
                              0xcf59a (size before relaxing)
 .debug_str     0x000cef3e      0x89d ./Core/Src/fdcan.o
                              0xcf80d (size before relaxing)
 .debug_str     0x000cf7db       0x2c ./Core/Src/gpio.o
                              0xcecf3 (size before relaxing)
 .debug_str     0x000cf807     0x3b83 ./Core/Src/main.o
                              0xd3202 (size before relaxing)
 .debug_str     0x000d338a       0x4d ./Core/Src/stm32g4xx_hal_msp.o
                              0xcec85 (size before relaxing)
 .debug_str     0x000d33d7      0x10a ./Core/Src/stm32g4xx_it.o
                              0xcef64 (size before relaxing)
 .debug_str     0x000d34e1     0x20b0 ./Core/Src/syscalls.o
                               0x98b6 (size before relaxing)
 .debug_str     0x000d5591       0x6b ./Core/Src/sysmem.o
                               0x60ce (size before relaxing)
 .debug_str     0x000d55fc       0xdb ./Core/Src/system_stm32g4xx.o
                              0xced14 (size before relaxing)
 .debug_str     0x000d56d7       0xa8 ./Core/Src/usart.o
                              0xcf50e (size before relaxing)
 .debug_str     0x000d577f       0x44 ./Core/Startup/startup_stm32g491retx.o
                                 0x81 (size before relaxing)
 .debug_str     0x000d57c3      0x61c ./Drivers/STM32G4xx_HAL_Driver/stm32g4xx_hal.o
                              0xcf959 (size before relaxing)
 .debug_str     0x000d5ddf      0xb0a ./Drivers/STM32G4xx_HAL_Driver/stm32g4xx_hal_adc.o
                              0xcfd7b (size before relaxing)
 .debug_str     0x000d68e9      0x6cb ./Drivers/STM32G4xx_HAL_Driver/stm32g4xx_hal_adc_ex.o
                              0xcfd21 (size before relaxing)
 .debug_str     0x000d6fb4      0x38f ./Drivers/STM32G4xx_HAL_Driver/stm32g4xx_hal_cortex.o